Archive member included to satisfy reference by file (symbol)

/usr/lib/gcc/avr/5.4.0/../../../avr/lib/avr6/libm.a(addsf3.o)
                              dc_step/dc_motor.o (__subsf3)
/usr/lib/gcc/avr/5.4.0/../../../avr/lib/avr6/libm.a(addsf3x.o)
                              /usr/lib/gcc/avr/5.4.0/../../../avr/lib/avr6/libm.a(addsf3.o) (__addsf3x)
/usr/lib/gcc/avr/5.4.0/../../../avr/lib/avr6/libm.a(cmpsf2.o)
                              dc_step/st_mot.o (__nesf2)
/usr/lib/gcc/avr/5.4.0/../../../avr/lib/avr6/libm.a(divsf3.o)
                              dc_step/dc_motor.o (__divsf3)
/usr/lib/gcc/avr/5.4.0/../../../avr/lib/avr6/libm.a(divsf3x.o)
                              /usr/lib/gcc/avr/5.4.0/../../../avr/lib/avr6/libm.a(divsf3.o) (__divsf3x)
/usr/lib/gcc/avr/5.4.0/../../../avr/lib/avr6/libm.a(fixsfsi.o)
                              dc_step/dc_motor.o (__fixsfsi)
/usr/lib/gcc/avr/5.4.0/../../../avr/lib/avr6/libm.a(fixunssfsi.o)
                              dc_step/dc_motor.o (__fixunssfsi)
/usr/lib/gcc/avr/5.4.0/../../../avr/lib/avr6/libm.a(floatsisf.o)
                              dc_step/dc_motor.o (__floatunsisf)
/usr/lib/gcc/avr/5.4.0/../../../avr/lib/avr6/libm.a(fp_cmp.o)
                              /usr/lib/gcc/avr/5.4.0/../../../avr/lib/avr6/libm.a(cmpsf2.o) (__fp_cmp)
/usr/lib/gcc/avr/5.4.0/../../../avr/lib/avr6/libm.a(fp_inf.o)
                              /usr/lib/gcc/avr/5.4.0/../../../avr/lib/avr6/libm.a(addsf3x.o) (__fp_inf)
/usr/lib/gcc/avr/5.4.0/../../../avr/lib/avr6/libm.a(fp_nan.o)
                              /usr/lib/gcc/avr/5.4.0/../../../avr/lib/avr6/libm.a(addsf3x.o) (__fp_nan)
/usr/lib/gcc/avr/5.4.0/../../../avr/lib/avr6/libm.a(fp_pscA.o)
                              /usr/lib/gcc/avr/5.4.0/../../../avr/lib/avr6/libm.a(addsf3x.o) (__fp_pscA)
/usr/lib/gcc/avr/5.4.0/../../../avr/lib/avr6/libm.a(fp_pscB.o)
                              /usr/lib/gcc/avr/5.4.0/../../../avr/lib/avr6/libm.a(addsf3x.o) (__fp_pscB)
/usr/lib/gcc/avr/5.4.0/../../../avr/lib/avr6/libm.a(fp_round.o)
                              /usr/lib/gcc/avr/5.4.0/../../../avr/lib/avr6/libm.a(addsf3.o) (__fp_round)
/usr/lib/gcc/avr/5.4.0/../../../avr/lib/avr6/libm.a(fp_split3.o)
                              /usr/lib/gcc/avr/5.4.0/../../../avr/lib/avr6/libm.a(addsf3x.o) (__fp_split3)
/usr/lib/gcc/avr/5.4.0/../../../avr/lib/avr6/libm.a(fp_zero.o)
                              /usr/lib/gcc/avr/5.4.0/../../../avr/lib/avr6/libm.a(addsf3x.o) (__fp_zero)
/usr/lib/gcc/avr/5.4.0/../../../avr/lib/avr6/libm.a(gesf2.o)
                              dc_step/dc_motor.o (__gesf2)
/usr/lib/gcc/avr/5.4.0/../../../avr/lib/avr6/libm.a(mulsf3.o)
                              dc_step/dc_motor.o (__mulsf3)
/usr/lib/gcc/avr/5.4.0/../../../avr/lib/avr6/libm.a(mulsf3x.o)
                              /usr/lib/gcc/avr/5.4.0/../../../avr/lib/avr6/libm.a(mulsf3.o) (__mulsf3x)
/usr/lib/gcc/avr/5.4.0/avr6/libgcc.a(_mulsi3.o)
                              avr_subscriber.o (__mulsi3)
/usr/lib/gcc/avr/5.4.0/avr6/libgcc.a(_udivmodhi4.o)
                              dc_step/utils.o (__udivmodhi4)
/usr/lib/gcc/avr/5.4.0/avr6/libgcc.a(_divmodhi4.o)
                              avr_subscriber.o (__divmodhi4)
/usr/lib/gcc/avr/5.4.0/avr6/libgcc.a(_udivmodsi4.o)
                              avr_subscriber.o (__udivmodsi4)
/usr/lib/gcc/avr/5.4.0/avr6/libgcc.a(_divmodsi4.o)
                              ros_lib/time.o (__divmodsi4)
/usr/lib/gcc/avr/5.4.0/avr6/libgcc.a(_negsi2.o)
                              /usr/lib/gcc/avr/5.4.0/avr6/libgcc.a(_divmodsi4.o) (__negsi2)
/usr/lib/gcc/avr/5.4.0/avr6/libgcc.a(_exit.o)
                              /usr/lib/gcc/avr/5.4.0/../../../avr/lib/avr6/crtatmega2560.o (exit)
/usr/lib/gcc/avr/5.4.0/avr6/libgcc.a(_copy_data.o)
                              dc_step/st_mot.o (__do_copy_data)
/usr/lib/gcc/avr/5.4.0/avr6/libgcc.a(_clear_bss.o)
                              avr_time.o (__do_clear_bss)
/usr/lib/gcc/avr/5.4.0/avr6/libgcc.a(_ctors.o)
                              avr_subscriber.o (__do_global_ctors)
/usr/lib/gcc/avr/5.4.0/avr6/libgcc.a(_muluhisi3.o)
                              /usr/lib/gcc/avr/5.4.0/avr6/libgcc.a(_mulsi3.o) (__muluhisi3)
/usr/lib/gcc/avr/5.4.0/avr6/libgcc.a(_tablejump2.o)
                              /usr/lib/gcc/avr/5.4.0/avr6/libgcc.a(_ctors.o) (__tablejump2__)
/usr/lib/gcc/avr/5.4.0/avr6/libgcc.a(_umulhisi3.o)
                              /usr/lib/gcc/avr/5.4.0/avr6/libgcc.a(_muluhisi3.o) (__umulhisi3)
/usr/lib/gcc/avr/5.4.0/../../../avr/lib/avr6/libc.a(realloc.o)
                              avr_subscriber.o (realloc)
/usr/lib/gcc/avr/5.4.0/../../../avr/lib/avr6/libc.a(memcpy.o)
                              avr_subscriber.o (memcpy)
/usr/lib/gcc/avr/5.4.0/../../../avr/lib/avr6/libc.a(malloc.o)
                              /usr/lib/gcc/avr/5.4.0/../../../avr/lib/avr6/libc.a(realloc.o) (malloc)

Allocating common symbols
Common symbol       size              file

[...]
Memory Configuration

Name             Origin             Length             Attributes
text             0x0000000000000000 0x0000000000100000 xr
data             0x0000000000800200 0x000000000000fe00 rw !x
eeprom           0x0000000000810000 0x0000000000010000 rw !x
fuse             0x0000000000820000 0x0000000000000003 rw !x
lock             0x0000000000830000 0x0000000000000400 rw !x
signature        0x0000000000840000 0x0000000000000400 rw !x
user_signatures  0x0000000000850000 0x0000000000000400 rw !x
*default*        0x0000000000000000 0xffffffffffffffff

Linker script and memory map

Address of section .data set to 0x800200
LOAD /usr/lib/gcc/avr/5.4.0/../../../avr/lib/avr6/crtatmega2560.o
LOAD avr_time.o
LOAD avr_uart.o
LOAD dc_step/dc_motor.o
LOAD dc_step/utils.o
LOAD dc_step/st_mot.o
LOAD dc_step/adc.o
LOAD avr_subscriber.o
LOAD ros_lib/time.o
LOAD ros_lib/duration.o
LOAD /usr/lib/gcc/avr/5.4.0/../../../avr/lib/avr6/libm.a
START GROUP
LOAD /usr/lib/gcc/avr/5.4.0/avr6/libgcc.a
LOAD /usr/lib/gcc/avr/5.4.0/../../../avr/lib/avr6/libm.a
LOAD /usr/lib/gcc/avr/5.4.0/../../../avr/lib/avr6/libc.a
LOAD /usr/lib/gcc/avr/5.4.0/../../../avr/lib/avr6/libatmega2560.a
END GROUP
                0x0000000000000000                __TEXT_REGION_ORIGIN__ = DEFINED (__TEXT_REGION_ORIGIN__)?__TEXT_REGION_ORIGIN__:0x0
                0x0000000000800200                __DATA_REGION_ORIGIN__ = DEFINED (__DATA_REGION_ORIGIN__)?__DATA_REGION_ORIGIN__:0x800200
                0x0000000000100000                __TEXT_REGION_LENGTH__ = DEFINED (__TEXT_REGION_LENGTH__)?__TEXT_REGION_LENGTH__:0x100000
                0x000000000000fe00                __DATA_REGION_LENGTH__ = DEFINED (__DATA_REGION_LENGTH__)?__DATA_REGION_LENGTH__:0xfe00
                0x0000000000010000                __EEPROM_REGION_LENGTH__ = DEFINED (__EEPROM_REGION_LENGTH__)?__EEPROM_REGION_LENGTH__:0x10000
                [0x0000000000000003]                __FUSE_REGION_LENGTH__ = DEFINED (__FUSE_REGION_LENGTH__)?__FUSE_REGION_LENGTH__:0x400
                0x0000000000000400                __LOCK_REGION_LENGTH__ = DEFINED (__LOCK_REGION_LENGTH__)?__LOCK_REGION_LENGTH__:0x400
                0x0000000000000400                __SIGNATURE_REGION_LENGTH__ = DEFINED (__SIGNATURE_REGION_LENGTH__)?__SIGNATURE_REGION_LENGTH__:0x400
                0x0000000000000400                __USER_SIGNATURE_REGION_LENGTH__ = DEFINED (__USER_SIGNATURE_REGION_LENGTH__)?__USER_SIGNATURE_REGION_LENGTH__:0x400

.hash
 *(.hash)

.dynsym
 *(.dynsym)

.dynstr
 *(.dynstr)

.gnu.version
 *(.gnu.version)

.gnu.version_d
 *(.gnu.version_d)

.gnu.version_r
 *(.gnu.version_r)

.rel.init
 *(.rel.init)

.rela.init
 *(.rela.init)

.rel.text
 *(.rel.text)
 *(.rel.text.*)
 *(.rel.gnu.linkonce.t*)

.rela.text
 *(.rela.text)
 *(.rela.text.*)
 *(.rela.gnu.linkonce.t*)

.rel.fini
 *(.rel.fini)

.rela.fini
 *(.rela.fini)

.rel.rodata
 *(.rel.rodata)
 *(.rel.rodata.*)
 *(.rel.gnu.linkonce.r*)

.rela.rodata
 *(.rela.rodata)
 *(.rela.rodata.*)
 *(.rela.gnu.linkonce.r*)

.rel.data
 *(.rel.data)
 *(.rel.data.*)
 *(.rel.gnu.linkonce.d*)

.rela.data
 *(.rela.data)
 *(.rela.data.*)
 *(.rela.gnu.linkonce.d*)

.rel.ctors
 *(.rel.ctors)

.rela.ctors
 *(.rela.ctors)

.rel.dtors
 *(.rel.dtors)

.rela.dtors
 *(.rela.dtors)

.rel.got
 *(.rel.got)

.rela.got
 *(.rela.got)

.rel.bss
 *(.rel.bss)

.rela.bss
 *(.rela.bss)

.rel.plt
 *(.rel.plt)

.rela.plt
 *(.rela.plt)

.text           0x0000000000000000     0x3510
 *(.vectors)
 .vectors       0x0000000000000000       0xe4 /usr/lib/gcc/avr/5.4.0/../../../avr/lib/avr6/crtatmega2560.o
                0x0000000000000000                __vectors
                0x0000000000000000                __vector_default
 *(.vectors)
 *(.progmem.gcc*)
                0x00000000000000e4                . = ALIGN (0x2)
                0x00000000000000e4                __trampolines_start = .
 *(.trampolines)
 .trampolines   0x00000000000000e4       0x74 linker stubs
 *(.trampolines*)
                0x0000000000000158                __trampolines_end = .
 *libprintf_flt.a:*(.progmem.data)
 *libc.a:*(.progmem.data)
 *(.progmem*)
                0x0000000000000158                . = ALIGN (0x2)
 *(.jumptables)
 *(.jumptables*)
 *(.lowtext)
 *(.lowtext*)
                0x0000000000000158                __ctors_start = .
 *(.ctors)
 .ctors         0x0000000000000158        0x2 avr_subscriber.o
                0x000000000000015a                __ctors_end = .
                0x000000000000015a                __dtors_start = .
 *(.dtors)
                0x000000000000015a                __dtors_end = .
 SORT(*)(.ctors)
 SORT(*)(.dtors)
 *(.init0)
 .init0         0x000000000000015a        0x0 /usr/lib/gcc/avr/5.4.0/../../../avr/lib/avr6/crtatmega2560.o
                0x000000000000015a                __init
 *(.init0)
 *(.init1)
 *(.init1)
 *(.init2)
 .init2         0x000000000000015a       0x10 /usr/lib/gcc/avr/5.4.0/../../../avr/lib/avr6/crtatmega2560.o
 *(.init2)
 *(.init3)
 *(.init3)
 *(.init4)
 .init4         0x000000000000016a       0x1a /usr/lib/gcc/avr/5.4.0/avr6/libgcc.a(_copy_data.o)
                0x000000000000016a                __do_copy_data
 .init4         0x0000000000000184       0x10 /usr/lib/gcc/avr/5.4.0/avr6/libgcc.a(_clear_bss.o)
                0x0000000000000184                __do_clear_bss
 *(.init4)
 *(.init5)
 *(.init5)
 *(.init6)
 .init6         0x0000000000000194       0x20 /usr/lib/gcc/avr/5.4.0/avr6/libgcc.a(_ctors.o)
                0x0000000000000194                __do_global_ctors
 *(.init6)
 *(.init7)
 *(.init7)
 *(.init8)
 *(.init8)
 *(.init9)
 .init9         0x00000000000001b4        0x8 /usr/lib/gcc/avr/5.4.0/../../../avr/lib/avr6/crtatmega2560.o
 *(.init9)
 *(.text)
 .text          0x00000000000001bc        0x4 /usr/lib/gcc/avr/5.4.0/../../../avr/lib/avr6/crtatmega2560.o
                0x00000000000001bc                __vector_38
                0x00000000000001bc                __vector_22
                0x00000000000001bc                __vector_28
                0x00000000000001bc                __vector_32
                0x00000000000001bc                __vector_34
                0x00000000000001bc                __vector_24
                0x00000000000001bc                __vector_12
                0x00000000000001bc                __vector_55
                0x00000000000001bc                __vector_46
                0x00000000000001bc                __bad_interrupt
                0x00000000000001bc                __vector_6
                0x00000000000001bc                __vector_31
                0x00000000000001bc                __vector_35
                0x00000000000001bc                __vector_39
                0x00000000000001bc                __vector_30
                0x00000000000001bc                __vector_45
                0x00000000000001bc                __vector_25
                0x00000000000001bc                __vector_11
                0x00000000000001bc                __vector_54
                0x00000000000001bc                __vector_13
                0x00000000000001bc                __vector_17
                0x00000000000001bc                __vector_19
                0x00000000000001bc                __vector_56
                0x00000000000001bc                __vector_7
                0x00000000000001bc                __vector_49
                0x00000000000001bc                __vector_41
                0x00000000000001bc                __vector_43
                0x00000000000001bc                __vector_27
                0x00000000000001bc                __vector_5
                0x00000000000001bc                __vector_33
                0x00000000000001bc                __vector_47
                0x00000000000001bc                __vector_52
                0x00000000000001bc                __vector_37
                0x00000000000001bc                __vector_44
                0x00000000000001bc                __vector_51
                0x00000000000001bc                __vector_9
                0x00000000000001bc                __vector_21
                0x00000000000001bc                __vector_36
                0x00000000000001bc                __vector_40
                0x00000000000001bc                __vector_8
                0x00000000000001bc                __vector_26
                0x00000000000001bc                __vector_48
                0x00000000000001bc                __vector_14
                0x00000000000001bc                __vector_53
                0x00000000000001bc                __vector_10
                0x00000000000001bc                __vector_50
                0x00000000000001bc                __vector_16
                0x00000000000001bc                __vector_18
                0x00000000000001bc                __vector_42
 .text          0x00000000000001c0       0xd0 avr_time.o
                0x00000000000001c0                __vector_23
                0x0000000000000268                avr_time_init
                0x000000000000027a                avr_time_now
 .text          0x0000000000000290       0x48 avr_uart.o
                0x0000000000000290                avr_uart_init
                0x00000000000002b0                avr_uart_send_byte
                0x00000000000002c2                avr_uart_receive_byte
 .text          0x00000000000002d8      0x460 dc_step/dc_motor.o
                0x00000000000002d8                Tim2DcMotInit
                0x0000000000000324                GetSpeed
                0x000000000000032a                SetSpeed
                0x0000000000000392                DcMotGo
                0x00000000000003e6                IntDcMotEcoderInit
                0x00000000000003f2                DcMotInit
                0x000000000000041a                __vector_1
                0x000000000000045a                __vector_2
                0x0000000000000494                __vector_3
                0x00000000000004ce                __vector_4
                0x0000000000000508                ComputePI
                0x00000000000005f4                DcMotPIDGo
                0x0000000000000656                __vector_15
 .text          0x0000000000000738       0x8e dc_step/utils.o
                0x0000000000000738                Digit
                0x000000000000076e                FindMiddleValue
                0x0000000000000792                FindMaxValue
                0x00000000000007ac                FindMinValue
 .text          0x00000000000007c6      0x46c dc_step/st_mot.o
                0x00000000000007c6                StMotTim1Init
                0x00000000000007e8                StMotInit
                0x00000000000007fa                GetInfo
                0x000000000000082a                StMotPul
                0x0000000000000846                StMotDir
                0x0000000000000878                StMotCorrectPos
                0x000000000000099c                SetAngle
                0x0000000000000b04                GetMotPos
                0x0000000000000b58                __vector_20
 .text          0x0000000000000c32      0x32c dc_step/adc.o
                0x0000000000000c32                AdcInit
                0x0000000000000c44                AdcGetPos
                0x0000000000000c4a                __vector_29
 .text          0x0000000000000f5e       0x48 avr_subscriber.o
                0x0000000000000f5e                _Z9messageCbRKN10kitty_msgs10KittyStateE
                0x0000000000000f80                __cxa_pure_virtual
                0x0000000000000f82                _Z7InitAllv
 .text          0x0000000000000fa6      0x222 ros_lib/time.o
                0x0000000000000fa6                _ZN3ros16normalizeSecNSecERmS0_
                0x0000000000001002                _ZN3ros4Time8fromNSecEl
                0x000000000000103c                _ZN3ros4TimepLERKNS_8DurationE
                0x00000000000010ac                _ZN3ros4TimemIERKNS_8DurationE
                0x000000000000111c                _ZNK3ros4TimemiERKS0_
 .text          0x00000000000011c8      0x19c ros_lib/duration.o
                0x00000000000011c8                _ZN3ros22normalizeSecNSecSignedERlS0_
                0x000000000000122e                _ZN3ros8DurationpLERKS0_
                0x0000000000001292                _ZN3ros8DurationmIERKS0_
                0x00000000000012f6                _ZN3ros8DurationmLEd
 .text          0x0000000000001364        0x0 /usr/lib/gcc/avr/5.4.0/../../../avr/lib/avr6/libm.a(addsf3.o)
 .text          0x0000000000001364        0x0 /usr/lib/gcc/avr/5.4.0/../../../avr/lib/avr6/libm.a(addsf3x.o)
 .text          0x0000000000001364        0x0 /usr/lib/gcc/avr/5.4.0/../../../avr/lib/avr6/libm.a(cmpsf2.o)
 .text          0x0000000000001364        0x0 /usr/lib/gcc/avr/5.4.0/../../../avr/lib/avr6/libm.a(divsf3.o)
 .text          0x0000000000001364        0x0 /usr/lib/gcc/avr/5.4.0/../../../avr/lib/avr6/libm.a(divsf3x.o)
 .text          0x0000000000001364        0x0 /usr/lib/gcc/avr/5.4.0/../../../avr/lib/avr6/libm.a(fixsfsi.o)
 .text          0x0000000000001364        0x0 /usr/lib/gcc/avr/5.4.0/../../../avr/lib/avr6/libm.a(fixunssfsi.o)
 .text          0x0000000000001364        0x0 /usr/lib/gcc/avr/5.4.0/../../../avr/lib/avr6/libm.a(floatsisf.o)
 .text          0x0000000000001364        0x0 /usr/lib/gcc/avr/5.4.0/../../../avr/lib/avr6/libm.a(fp_cmp.o)
 .text          0x0000000000001364        0x0 /usr/lib/gcc/avr/5.4.0/../../../avr/lib/avr6/libm.a(fp_inf.o)
 .text          0x0000000000001364        0x0 /usr/lib/gcc/avr/5.4.0/../../../avr/lib/avr6/libm.a(fp_nan.o)
 .text          0x0000000000001364        0x0 /usr/lib/gcc/avr/5.4.0/../../../avr/lib/avr6/libm.a(fp_pscA.o)
 .text          0x0000000000001364        0x0 /usr/lib/gcc/avr/5.4.0/../../../avr/lib/avr6/libm.a(fp_pscB.o)
 .text          0x0000000000001364        0x0 /usr/lib/gcc/avr/5.4.0/../../../avr/lib/avr6/libm.a(fp_round.o)
 .text          0x0000000000001364        0x0 /usr/lib/gcc/avr/5.4.0/../../../avr/lib/avr6/libm.a(fp_split3.o)
 .text          0x0000000000001364        0x0 /usr/lib/gcc/avr/5.4.0/../../../avr/lib/avr6/libm.a(fp_zero.o)
 .text          0x0000000000001364        0x0 /usr/lib/gcc/avr/5.4.0/../../../avr/lib/avr6/libm.a(gesf2.o)
 .text          0x0000000000001364        0x0 /usr/lib/gcc/avr/5.4.0/../../../avr/lib/avr6/libm.a(mulsf3.o)
 .text          0x0000000000001364        0x0 /usr/lib/gcc/avr/5.4.0/../../../avr/lib/avr6/libm.a(mulsf3x.o)
 .text          0x0000000000001364        0x0 /usr/lib/gcc/avr/5.4.0/avr6/libgcc.a(_mulsi3.o)
 .text          0x0000000000001364        0x0 /usr/lib/gcc/avr/5.4.0/avr6/libgcc.a(_udivmodhi4.o)
 .text          0x0000000000001364        0x0 /usr/lib/gcc/avr/5.4.0/avr6/libgcc.a(_divmodhi4.o)
 .text          0x0000000000001364        0x0 /usr/lib/gcc/avr/5.4.0/avr6/libgcc.a(_udivmodsi4.o)
 .text          0x0000000000001364        0x0 /usr/lib/gcc/avr/5.4.0/avr6/libgcc.a(_divmodsi4.o)
 .text          0x0000000000001364        0x0 /usr/lib/gcc/avr/5.4.0/avr6/libgcc.a(_negsi2.o)
 .text          0x0000000000001364        0x0 /usr/lib/gcc/avr/5.4.0/avr6/libgcc.a(_exit.o)
 .text          0x0000000000001364        0x0 /usr/lib/gcc/avr/5.4.0/avr6/libgcc.a(_copy_data.o)
 .text          0x0000000000001364        0x0 /usr/lib/gcc/avr/5.4.0/avr6/libgcc.a(_clear_bss.o)
 .text          0x0000000000001364        0x0 /usr/lib/gcc/avr/5.4.0/avr6/libgcc.a(_ctors.o)
 .text          0x0000000000001364        0x0 /usr/lib/gcc/avr/5.4.0/avr6/libgcc.a(_muluhisi3.o)
 .text          0x0000000000001364        0x0 /usr/lib/gcc/avr/5.4.0/avr6/libgcc.a(_tablejump2.o)
 .text          0x0000000000001364        0x0 /usr/lib/gcc/avr/5.4.0/avr6/libgcc.a(_umulhisi3.o)
 .text          0x0000000000001364        0x0 /usr/lib/gcc/avr/5.4.0/../../../avr/lib/avr6/libc.a(realloc.o)
 .text          0x0000000000001364        0x0 /usr/lib/gcc/avr/5.4.0/../../../avr/lib/avr6/libc.a(memcpy.o)
 .text          0x0000000000001364        0x0 /usr/lib/gcc/avr/5.4.0/../../../avr/lib/avr6/libc.a(malloc.o)
                0x0000000000001364                . = ALIGN (0x2)
 *(.text.*)
 .text._ZNK8std_msgs4Time9serializeEPh
                0x0000000000001364       0x48 avr_subscriber.o
                0x0000000000001364                _ZNK8std_msgs4Time9serializeEPh
 .text._ZN8std_msgs4Time11deserializeEPh
                0x00000000000013ac       0x8c avr_subscriber.o
                0x00000000000013ac                _ZN8std_msgs4Time11deserializeEPh
 .text._ZN8std_msgs4Time7getTypeEv
                0x0000000000001438        0x6 avr_subscriber.o
                0x0000000000001438                _ZN8std_msgs4Time7getTypeEv
 .text._ZN8std_msgs4Time6getMD5Ev
                0x000000000000143e        0x6 avr_subscriber.o
                0x000000000000143e                _ZN8std_msgs4Time6getMD5Ev
 .text._ZN14rosserial_msgs9TopicInfo7getTypeEv
                0x0000000000001444        0x6 avr_subscriber.o
                0x0000000000001444                _ZN14rosserial_msgs9TopicInfo7getTypeEv
 .text._ZN14rosserial_msgs9TopicInfo6getMD5Ev
                0x000000000000144a        0x6 avr_subscriber.o
                0x000000000000144a                _ZN14rosserial_msgs9TopicInfo6getMD5Ev
 .text._ZN14rosserial_msgs3Log7getTypeEv
                0x0000000000001450        0x6 avr_subscriber.o
                0x0000000000001450                _ZN14rosserial_msgs3Log7getTypeEv
 .text._ZN14rosserial_msgs3Log6getMD5Ev
                0x0000000000001456        0x6 avr_subscriber.o
                0x0000000000001456                _ZN14rosserial_msgs3Log6getMD5Ev
 .text._ZN14rosserial_msgs20RequestParamResponse7getTypeEv
                0x000000000000145c        0x6 avr_subscriber.o
                0x000000000000145c                _ZN14rosserial_msgs20RequestParamResponse7getTypeEv
 .text._ZN14rosserial_msgs20RequestParamResponse6getMD5Ev
                0x0000000000001462        0x6 avr_subscriber.o
                0x0000000000001462                _ZN14rosserial_msgs20RequestParamResponse6getMD5Ev
 .text._ZNK10kitty_msgs10KittyState9serializeEPh
                0x0000000000001468       0x88 avr_subscriber.o
                0x0000000000001468                _ZNK10kitty_msgs10KittyState9serializeEPh
 .text._ZN10kitty_msgs10KittyState11deserializeEPh
                0x00000000000014f0       0xb6 avr_subscriber.o
                0x00000000000014f0                _ZN10kitty_msgs10KittyState11deserializeEPh
 .text._ZN10kitty_msgs10KittyState7getTypeEv
                0x00000000000015a6        0x6 avr_subscriber.o
                0x00000000000015a6                _ZN10kitty_msgs10KittyState7getTypeEv
 .text._ZN10kitty_msgs10KittyState6getMD5Ev
                0x00000000000015ac        0x6 avr_subscriber.o
                0x00000000000015ac                _ZN10kitty_msgs10KittyState6getMD5Ev
 .text._ZN3ros10SubscriberIN10kitty_msgs10KittyStateEvE8callbackEPh
                0x00000000000015b2       0x2a avr_subscriber.o
                0x00000000000015b2                _ZN3ros10SubscriberIN10kitty_msgs10KittyStateEvE8callbackEPh
 .text._ZN3ros10SubscriberIN10kitty_msgs10KittyStateEvE15getEndpointTypeEv
                0x00000000000015dc        0x8 avr_subscriber.o
                0x00000000000015dc                _ZN3ros10SubscriberIN10kitty_msgs10KittyStateEvE15getEndpointTypeEv
 .text._ZN3ros10SubscriberIN10kitty_msgs10KittyStateEvE10getMsgTypeEv
                0x00000000000015e4        0x6 avr_subscriber.o
                0x00000000000015e4                _ZN3ros10SubscriberIN10kitty_msgs10KittyStateEvE10getMsgTypeEv
 .text._ZN3ros10SubscriberIN10kitty_msgs10KittyStateEvE9getMsgMD5Ev
                0x00000000000015ea        0x6 avr_subscriber.o
                0x00000000000015ea                _ZN3ros10SubscriberIN10kitty_msgs10KittyStateEvE9getMsgMD5Ev
 .text._ZN3ros11NodeHandle_I18Atmega2560HardwareLi25ELi25ELi512ELi512EE9connectedEv
                0x00000000000015f0        0xa avr_subscriber.o
                0x00000000000015f0                _ZN3ros11NodeHandle_I18Atmega2560HardwareLi25ELi25ELi512ELi512EE9connectedEv
 .text._ZN3ros11NodeHandle_I18Atmega2560HardwareLi25ELi25ELi512ELi512EE7publishEiPKNS_3MsgE
                0x00000000000015fa      0x12c avr_subscriber.o
                0x00000000000015fa                _ZN3ros11NodeHandle_I18Atmega2560HardwareLi25ELi25ELi512ELi512EE7publishEiPKNS_3MsgE
 .text._ZN3ros3Msg8varToArrIPhmEEvT_T0_
                0x0000000000001726       0x3a avr_subscriber.o
                0x0000000000001726                _ZN3ros3Msg8varToArrIPhmEEvT_T0_
 .text._ZNK14rosserial_msgs20RequestParamResponse9serializeEPh
                0x0000000000001760      0x1b2 avr_subscriber.o
                0x0000000000001760                _ZNK14rosserial_msgs20RequestParamResponse9serializeEPh
 .text._ZNK14rosserial_msgs3Log9serializeEPh
                0x0000000000001912       0x64 avr_subscriber.o
                0x0000000000001912                _ZNK14rosserial_msgs3Log9serializeEPh
 .text._ZNK14rosserial_msgs9TopicInfo9serializeEPh
                0x0000000000001976      0x122 avr_subscriber.o
                0x0000000000001976                _ZNK14rosserial_msgs9TopicInfo9serializeEPh
 .text._ZN3ros3Msg8arrToVarImPhEEvRT_T0_
                0x0000000000001a98       0x5c avr_subscriber.o
                0x0000000000001a98                _ZN3ros3Msg8arrToVarImPhEEvRT_T0_
 .text._ZN14rosserial_msgs3Log11deserializeEPh
                0x0000000000001af4       0xac avr_subscriber.o
                0x0000000000001af4                _ZN14rosserial_msgs3Log11deserializeEPh
 .text._ZN14rosserial_msgs9TopicInfo11deserializeEPh
                0x0000000000001ba0      0x1dc avr_subscriber.o
                0x0000000000001ba0                _ZN14rosserial_msgs9TopicInfo11deserializeEPh
 .text._ZN14rosserial_msgs20RequestParamResponse11deserializeEPh
                0x0000000000001d7c      0x376 avr_subscriber.o
                0x0000000000001d7c                _ZN14rosserial_msgs20RequestParamResponse11deserializeEPh
 .text._ZN3ros11NodeHandle_I18Atmega2560HardwareLi25ELi25ELi512ELi512EE15requestSyncTimeEv
                0x00000000000020f2       0x70 avr_subscriber.o
                0x00000000000020f2                _ZN3ros11NodeHandle_I18Atmega2560HardwareLi25ELi25ELi512ELi512EE15requestSyncTimeEv
 .text._ZN3ros11NodeHandle_I18Atmega2560HardwareLi25ELi25ELi512ELi512EE15negotiateTopicsEv
                0x0000000000002162      0x1ca avr_subscriber.o
                0x0000000000002162                _ZN3ros11NodeHandle_I18Atmega2560HardwareLi25ELi25ELi512ELi512EE15negotiateTopicsEv
 .text._ZN3ros11NodeHandle_I18Atmega2560HardwareLi25ELi25ELi512ELi512EE8syncTimeEPh
                0x000000000000232c      0x174 avr_subscriber.o
                0x000000000000232c                _ZN3ros11NodeHandle_I18Atmega2560HardwareLi25ELi25ELi512ELi512EE8syncTimeEPh
 .text._ZN3ros11NodeHandle_I18Atmega2560HardwareLi25ELi25ELi512ELi512EE8spinOnceEv
                0x00000000000024a0      0x480 avr_subscriber.o
                0x00000000000024a0                _ZN3ros11NodeHandle_I18Atmega2560HardwareLi25ELi25ELi512ELi512EE8spinOnceEv
 .text.startup  0x0000000000002920      0x21c avr_subscriber.o
                0x0000000000002920                main
 .text.avr-libc.fplib
                0x0000000000002b3c        0xe /usr/lib/gcc/avr/5.4.0/../../../avr/lib/avr6/libm.a(addsf3.o)
                0x0000000000002b3c                __subsf3
                0x0000000000002b3e                __addsf3
 .text.avr-libc.fplib
                0x0000000000002b4a       0xcc /usr/lib/gcc/avr/5.4.0/../../../avr/lib/avr6/libm.a(addsf3x.o)
                0x0000000000002b6c                __addsf3x
 .text.avr-libc.fplib
                0x0000000000002c16        0xa /usr/lib/gcc/avr/5.4.0/../../../avr/lib/avr6/libm.a(cmpsf2.o)
                0x0000000000002c16                __lesf2
                0x0000000000002c16                __nesf2
                0x0000000000002c16                __eqsf2
                0x0000000000002c16                __cmpsf2
                0x0000000000002c16                __ltsf2
 .text.avr-libc.fplib
                0x0000000000002c20        0x8 /usr/lib/gcc/avr/5.4.0/../../../avr/lib/avr6/libm.a(divsf3.o)
                0x0000000000002c20                __divsf3
 .text.avr-libc.fplib
                0x0000000000002c28       0xdc /usr/lib/gcc/avr/5.4.0/../../../avr/lib/avr6/libm.a(divsf3x.o)
                0x0000000000002c48                __divsf3x
                0x0000000000002c4e                __divsf3_pse
 .text.avr-libc.fplib
                0x0000000000002d04        0xe /usr/lib/gcc/avr/5.4.0/../../../avr/lib/avr6/libm.a(fixsfsi.o)
                0x0000000000002d04                __fixsfsi
 .text.avr-libc.fplib
                0x0000000000002d12       0x5e /usr/lib/gcc/avr/5.4.0/../../../avr/lib/avr6/libm.a(fixunssfsi.o)
                0x0000000000002d12                __fixunssfsi
 .text.avr-libc.fplib
                0x0000000000002d70       0x7a /usr/lib/gcc/avr/5.4.0/../../../avr/lib/avr6/libm.a(floatsisf.o)
                0x0000000000002d70                __floatunsisf
                0x0000000000002d74                __floatsisf
 .text.avr-libc.fplib
                0x0000000000002dea       0x48 /usr/lib/gcc/avr/5.4.0/../../../avr/lib/avr6/libm.a(fp_cmp.o)
                0x0000000000002dea                __fp_cmp
 .text.avr-libc.fplib
                0x0000000000002e32        0xc /usr/lib/gcc/avr/5.4.0/../../../avr/lib/avr6/libm.a(fp_inf.o)
                0x0000000000002e32                __fp_inf
 .text.avr-libc.fplib
                0x0000000000002e3e        0x6 /usr/lib/gcc/avr/5.4.0/../../../avr/lib/avr6/libm.a(fp_nan.o)
                0x0000000000002e3e                __fp_nan
 .text.avr-libc.fplib
                0x0000000000002e44        0xe /usr/lib/gcc/avr/5.4.0/../../../avr/lib/avr6/libm.a(fp_pscA.o)
                0x0000000000002e44                __fp_pscA
 .text.avr-libc.fplib
                0x0000000000002e52        0xe /usr/lib/gcc/avr/5.4.0/../../../avr/lib/avr6/libm.a(fp_pscB.o)
                0x0000000000002e52                __fp_pscB
 .text.avr-libc.fplib
                0x0000000000002e60       0x22 /usr/lib/gcc/avr/5.4.0/../../../avr/lib/avr6/libm.a(fp_round.o)
                0x0000000000002e60                __fp_round
 .text.avr-libc.fplib
                0x0000000000002e82       0x44 /usr/lib/gcc/avr/5.4.0/../../../avr/lib/avr6/libm.a(fp_split3.o)
                0x0000000000002e82                __fp_split3
                0x0000000000002e92                __fp_splitA
 .text.avr-libc.fplib
                0x0000000000002ec6        0xe /usr/lib/gcc/avr/5.4.0/../../../avr/lib/avr6/libm.a(fp_zero.o)
                0x0000000000002ec6                __fp_zero
                0x0000000000002ec8                __fp_szero
 .text.avr-libc.fplib
                0x0000000000002ed4        0xa /usr/lib/gcc/avr/5.4.0/../../../avr/lib/avr6/libm.a(gesf2.o)
                0x0000000000002ed4                __gtsf2
                0x0000000000002ed4                __gesf2
 .text.avr-libc.fplib
                0x0000000000002ede        0x8 /usr/lib/gcc/avr/5.4.0/../../../avr/lib/avr6/libm.a(mulsf3.o)
                0x0000000000002ede                __mulsf3
 .text.avr-libc.fplib
                0x0000000000002ee6       0xd2 /usr/lib/gcc/avr/5.4.0/../../../avr/lib/avr6/libm.a(mulsf3x.o)
                0x0000000000002f04                __mulsf3x
                0x0000000000002f0a                __mulsf3_pse
 .text.libgcc.mul
                0x0000000000002fb8       0x20 /usr/lib/gcc/avr/5.4.0/avr6/libgcc.a(_mulsi3.o)
                0x0000000000002fb8                __mulsi3
 .text.libgcc.div
                0x0000000000002fd8        0x0 /usr/lib/gcc/avr/5.4.0/avr6/libgcc.a(_mulsi3.o)
 .text.libgcc   0x0000000000002fd8        0x0 /usr/lib/gcc/avr/5.4.0/avr6/libgcc.a(_mulsi3.o)
 .text.libgcc.prologue
                0x0000000000002fd8        0x0 /usr/lib/gcc/avr/5.4.0/avr6/libgcc.a(_mulsi3.o)
 .text.libgcc.builtins
                0x0000000000002fd8        0x0 /usr/lib/gcc/avr/5.4.0/avr6/libgcc.a(_mulsi3.o)
 .text.libgcc.fmul
                0x0000000000002fd8        0x0 /usr/lib/gcc/avr/5.4.0/avr6/libgcc.a(_mulsi3.o)
 .text.libgcc.fixed
                0x0000000000002fd8        0x0 /usr/lib/gcc/avr/5.4.0/avr6/libgcc.a(_mulsi3.o)
 .text.libgcc.mul
                0x0000000000002fd8        0x0 /usr/lib/gcc/avr/5.4.0/avr6/libgcc.a(_udivmodhi4.o)
 .text.libgcc.div
                0x0000000000002fd8       0x28 /usr/lib/gcc/avr/5.4.0/avr6/libgcc.a(_udivmodhi4.o)
                0x0000000000002fd8                __udivmodhi4
 .text.libgcc   0x0000000000003000        0x0 /usr/lib/gcc/avr/5.4.0/avr6/libgcc.a(_udivmodhi4.o)
 .text.libgcc.prologue
                0x0000000000003000        0x0 /usr/lib/gcc/avr/5.4.0/avr6/libgcc.a(_udivmodhi4.o)
 .text.libgcc.builtins
                0x0000000000003000        0x0 /usr/lib/gcc/avr/5.4.0/avr6/libgcc.a(_udivmodhi4.o)
 .text.libgcc.fmul
                0x0000000000003000        0x0 /usr/lib/gcc/avr/5.4.0/avr6/libgcc.a(_udivmodhi4.o)
 .text.libgcc.fixed
                0x0000000000003000        0x0 /usr/lib/gcc/avr/5.4.0/avr6/libgcc.a(_udivmodhi4.o)
 .text.libgcc.mul
                0x0000000000003000        0x0 /usr/lib/gcc/avr/5.4.0/avr6/libgcc.a(_divmodhi4.o)
 .text.libgcc.div
                0x0000000000003000       0x28 /usr/lib/gcc/avr/5.4.0/avr6/libgcc.a(_divmodhi4.o)
                0x0000000000003000                __divmodhi4
                0x0000000000003000                _div
 .text.libgcc   0x0000000000003028        0x0 /usr/lib/gcc/avr/5.4.0/avr6/libgcc.a(_divmodhi4.o)
 .text.libgcc.prologue
                0x0000000000003028        0x0 /usr/lib/gcc/avr/5.4.0/avr6/libgcc.a(_divmodhi4.o)
 .text.libgcc.builtins
                0x0000000000003028        0x0 /usr/lib/gcc/avr/5.4.0/avr6/libgcc.a(_divmodhi4.o)
 .text.libgcc.fmul
                0x0000000000003028        0x0 /usr/lib/gcc/avr/5.4.0/avr6/libgcc.a(_divmodhi4.o)
 .text.libgcc.fixed
                0x0000000000003028        0x0 /usr/lib/gcc/avr/5.4.0/avr6/libgcc.a(_divmodhi4.o)
 .text.libgcc.mul
                0x0000000000003028        0x0 /usr/lib/gcc/avr/5.4.0/avr6/libgcc.a(_udivmodsi4.o)
 .text.libgcc.div
                0x0000000000003028       0x44 /usr/lib/gcc/avr/5.4.0/avr6/libgcc.a(_udivmodsi4.o)
                0x0000000000003028                __udivmodsi4
 .text.libgcc   0x000000000000306c        0x0 /usr/lib/gcc/avr/5.4.0/avr6/libgcc.a(_udivmodsi4.o)
 .text.libgcc.prologue
                0x000000000000306c        0x0 /usr/lib/gcc/avr/5.4.0/avr6/libgcc.a(_udivmodsi4.o)
 .text.libgcc.builtins
                0x000000000000306c        0x0 /usr/lib/gcc/avr/5.4.0/avr6/libgcc.a(_udivmodsi4.o)
 .text.libgcc.fmul
                0x000000000000306c        0x0 /usr/lib/gcc/avr/5.4.0/avr6/libgcc.a(_udivmodsi4.o)
 .text.libgcc.fixed
                0x000000000000306c        0x0 /usr/lib/gcc/avr/5.4.0/avr6/libgcc.a(_udivmodsi4.o)
 .text.libgcc.mul
                0x000000000000306c        0x0 /usr/lib/gcc/avr/5.4.0/avr6/libgcc.a(_divmodsi4.o)
 .text.libgcc.div
                0x000000000000306c       0x2e /usr/lib/gcc/avr/5.4.0/avr6/libgcc.a(_divmodsi4.o)
                0x000000000000306c                __divmodsi4
 .text.libgcc   0x000000000000309a        0x0 /usr/lib/gcc/avr/5.4.0/avr6/libgcc.a(_divmodsi4.o)
 .text.libgcc.prologue
                0x000000000000309a        0x0 /usr/lib/gcc/avr/5.4.0/avr6/libgcc.a(_divmodsi4.o)
 .text.libgcc.builtins
                0x000000000000309a        0x0 /usr/lib/gcc/avr/5.4.0/avr6/libgcc.a(_divmodsi4.o)
 .text.libgcc.fmul
                0x000000000000309a        0x0 /usr/lib/gcc/avr/5.4.0/avr6/libgcc.a(_divmodsi4.o)
 .text.libgcc.fixed
                0x000000000000309a        0x0 /usr/lib/gcc/avr/5.4.0/avr6/libgcc.a(_divmodsi4.o)
 .text.libgcc.mul
                0x000000000000309a        0x0 /usr/lib/gcc/avr/5.4.0/avr6/libgcc.a(_negsi2.o)
 .text.libgcc.div
                0x000000000000309a       0x10 /usr/lib/gcc/avr/5.4.0/avr6/libgcc.a(_negsi2.o)
                0x000000000000309a                __negsi2
 .text.libgcc   0x00000000000030aa        0x0 /usr/lib/gcc/avr/5.4.0/avr6/libgcc.a(_negsi2.o)
 .text.libgcc.prologue
                0x00000000000030aa        0x0 /usr/lib/gcc/avr/5.4.0/avr6/libgcc.a(_negsi2.o)
 .text.libgcc.builtins
                0x00000000000030aa        0x0 /usr/lib/gcc/avr/5.4.0/avr6/libgcc.a(_negsi2.o)
 .text.libgcc.fmul
                0x00000000000030aa        0x0 /usr/lib/gcc/avr/5.4.0/avr6/libgcc.a(_negsi2.o)
 .text.libgcc.fixed
                0x00000000000030aa        0x0 /usr/lib/gcc/avr/5.4.0/avr6/libgcc.a(_negsi2.o)
 .text.libgcc.mul
                0x00000000000030aa        0x0 /usr/lib/gcc/avr/5.4.0/avr6/libgcc.a(_exit.o)
 .text.libgcc.div
                0x00000000000030aa        0x0 /usr/lib/gcc/avr/5.4.0/avr6/libgcc.a(_exit.o)
 .text.libgcc   0x00000000000030aa        0x0 /usr/lib/gcc/avr/5.4.0/avr6/libgcc.a(_exit.o)
 .text.libgcc.prologue
                0x00000000000030aa        0x0 /usr/lib/gcc/avr/5.4.0/avr6/libgcc.a(_exit.o)
 .text.libgcc.builtins
                0x00000000000030aa        0x0 /usr/lib/gcc/avr/5.4.0/avr6/libgcc.a(_exit.o)
 .text.libgcc.fmul
                0x00000000000030aa        0x0 /usr/lib/gcc/avr/5.4.0/avr6/libgcc.a(_exit.o)
 .text.libgcc.fixed
                0x00000000000030aa        0x0 /usr/lib/gcc/avr/5.4.0/avr6/libgcc.a(_exit.o)
 .text.libgcc.mul
                0x00000000000030aa        0x0 /usr/lib/gcc/avr/5.4.0/avr6/libgcc.a(_copy_data.o)
 .text.libgcc.div
                0x00000000000030aa        0x0 /usr/lib/gcc/avr/5.4.0/avr6/libgcc.a(_copy_data.o)
 .text.libgcc   0x00000000000030aa        0x0 /usr/lib/gcc/avr/5.4.0/avr6/libgcc.a(_copy_data.o)
 .text.libgcc.prologue
                0x00000000000030aa        0x0 /usr/lib/gcc/avr/5.4.0/avr6/libgcc.a(_copy_data.o)
 .text.libgcc.builtins
                0x00000000000030aa        0x0 /usr/lib/gcc/avr/5.4.0/avr6/libgcc.a(_copy_data.o)
 .text.libgcc.fmul
                0x00000000000030aa        0x0 /usr/lib/gcc/avr/5.4.0/avr6/libgcc.a(_copy_data.o)
 .text.libgcc.fixed
                0x00000000000030aa        0x0 /usr/lib/gcc/avr/5.4.0/avr6/libgcc.a(_copy_data.o)
 .text.libgcc.mul
                0x00000000000030aa        0x0 /usr/lib/gcc/avr/5.4.0/avr6/libgcc.a(_clear_bss.o)
 .text.libgcc.div
                0x00000000000030aa        0x0 /usr/lib/gcc/avr/5.4.0/avr6/libgcc.a(_clear_bss.o)
 .text.libgcc   0x00000000000030aa        0x0 /usr/lib/gcc/avr/5.4.0/avr6/libgcc.a(_clear_bss.o)
 .text.libgcc.prologue
                0x00000000000030aa        0x0 /usr/lib/gcc/avr/5.4.0/avr6/libgcc.a(_clear_bss.o)
 .text.libgcc.builtins
                0x00000000000030aa        0x0 /usr/lib/gcc/avr/5.4.0/avr6/libgcc.a(_clear_bss.o)
 .text.libgcc.fmul
                0x00000000000030aa        0x0 /usr/lib/gcc/avr/5.4.0/avr6/libgcc.a(_clear_bss.o)
 .text.libgcc.fixed
                0x00000000000030aa        0x0 /usr/lib/gcc/avr/5.4.0/avr6/libgcc.a(_clear_bss.o)
 .text.libgcc.mul
                0x00000000000030aa        0x0 /usr/lib/gcc/avr/5.4.0/avr6/libgcc.a(_ctors.o)
 .text.libgcc.div
                0x00000000000030aa        0x0 /usr/lib/gcc/avr/5.4.0/avr6/libgcc.a(_ctors.o)
 .text.libgcc   0x00000000000030aa        0x0 /usr/lib/gcc/avr/5.4.0/avr6/libgcc.a(_ctors.o)
 .text.libgcc.prologue
                0x00000000000030aa        0x0 /usr/lib/gcc/avr/5.4.0/avr6/libgcc.a(_ctors.o)
 .text.libgcc.builtins
                0x00000000000030aa        0x0 /usr/lib/gcc/avr/5.4.0/avr6/libgcc.a(_ctors.o)
 .text.libgcc.fmul
                0x00000000000030aa        0x0 /usr/lib/gcc/avr/5.4.0/avr6/libgcc.a(_ctors.o)
 .text.libgcc.fixed
                0x00000000000030aa        0x0 /usr/lib/gcc/avr/5.4.0/avr6/libgcc.a(_ctors.o)
 .text.libgcc.mul
                0x00000000000030aa       0x16 /usr/lib/gcc/avr/5.4.0/avr6/libgcc.a(_muluhisi3.o)
                0x00000000000030aa                __muluhisi3
 .text.libgcc.div
                0x00000000000030c0        0x0 /usr/lib/gcc/avr/5.4.0/avr6/libgcc.a(_muluhisi3.o)
 .text.libgcc   0x00000000000030c0        0x0 /usr/lib/gcc/avr/5.4.0/avr6/libgcc.a(_muluhisi3.o)
 .text.libgcc.prologue
                0x00000000000030c0        0x0 /usr/lib/gcc/avr/5.4.0/avr6/libgcc.a(_muluhisi3.o)
 .text.libgcc.builtins
                0x00000000000030c0        0x0 /usr/lib/gcc/avr/5.4.0/avr6/libgcc.a(_muluhisi3.o)
 .text.libgcc.fmul
                0x00000000000030c0        0x0 /usr/lib/gcc/avr/5.4.0/avr6/libgcc.a(_muluhisi3.o)
 .text.libgcc.fixed
                0x00000000000030c0        0x0 /usr/lib/gcc/avr/5.4.0/avr6/libgcc.a(_muluhisi3.o)
 .text.libgcc.mul
                0x00000000000030c0        0x0 /usr/lib/gcc/avr/5.4.0/avr6/libgcc.a(_tablejump2.o)
 .text.libgcc.div
                0x00000000000030c0        0x0 /usr/lib/gcc/avr/5.4.0/avr6/libgcc.a(_tablejump2.o)
 .text.libgcc   0x00000000000030c0       0x10 /usr/lib/gcc/avr/5.4.0/avr6/libgcc.a(_tablejump2.o)
                0x00000000000030c0                __tablejump2__
 .text.libgcc.prologue
                0x00000000000030d0        0x0 /usr/lib/gcc/avr/5.4.0/avr6/libgcc.a(_tablejump2.o)
 .text.libgcc.builtins
                0x00000000000030d0        0x0 /usr/lib/gcc/avr/5.4.0/avr6/libgcc.a(_tablejump2.o)
 .text.libgcc.fmul
                0x00000000000030d0        0x0 /usr/lib/gcc/avr/5.4.0/avr6/libgcc.a(_tablejump2.o)
 .text.libgcc.fixed
                0x00000000000030d0        0x0 /usr/lib/gcc/avr/5.4.0/avr6/libgcc.a(_tablejump2.o)
 .text.libgcc.mul
                0x00000000000030d0       0x1e /usr/lib/gcc/avr/5.4.0/avr6/libgcc.a(_umulhisi3.o)
                0x00000000000030d0                __umulhisi3
 .text.libgcc.div
                0x00000000000030ee        0x0 /usr/lib/gcc/avr/5.4.0/avr6/libgcc.a(_umulhisi3.o)
 .text.libgcc   0x00000000000030ee        0x0 /usr/lib/gcc/avr/5.4.0/avr6/libgcc.a(_umulhisi3.o)
 .text.libgcc.prologue
                0x00000000000030ee        0x0 /usr/lib/gcc/avr/5.4.0/avr6/libgcc.a(_umulhisi3.o)
 .text.libgcc.builtins
                0x00000000000030ee        0x0 /usr/lib/gcc/avr/5.4.0/avr6/libgcc.a(_umulhisi3.o)
 .text.libgcc.fmul
                0x00000000000030ee        0x0 /usr/lib/gcc/avr/5.4.0/avr6/libgcc.a(_umulhisi3.o)
 .text.libgcc.fixed
                0x00000000000030ee        0x0 /usr/lib/gcc/avr/5.4.0/avr6/libgcc.a(_umulhisi3.o)
 .text.avr-libc
                0x00000000000030ee      0x1ca /usr/lib/gcc/avr/5.4.0/../../../avr/lib/avr6/libc.a(realloc.o)
                0x00000000000030ee                realloc
 .text.avr-libc
                0x00000000000032b8       0x12 /usr/lib/gcc/avr/5.4.0/../../../avr/lib/avr6/libc.a(memcpy.o)
                0x00000000000032b8                memcpy
 .text.avr-libc
                0x00000000000032ca      0x242 /usr/lib/gcc/avr/5.4.0/../../../avr/lib/avr6/libc.a(malloc.o)
                0x00000000000032ca                malloc
                0x00000000000033fa                free
                0x000000000000350c                . = ALIGN (0x2)
 *(.fini9)
 .fini9         0x000000000000350c        0x0 /usr/lib/gcc/avr/5.4.0/avr6/libgcc.a(_exit.o)
                0x000000000000350c                exit
                0x000000000000350c                _exit
 *(.fini9)
 *(.fini8)
 *(.fini8)
 *(.fini7)
 *(.fini7)
 *(.fini6)
 *(.fini6)
 *(.fini5)
 *(.fini5)
 *(.fini4)
 *(.fini4)
 *(.fini3)
 *(.fini3)
 *(.fini2)
 *(.fini2)
 *(.fini1)
 *(.fini1)
 *(.fini0)
 .fini0         0x000000000000350c        0x4 /usr/lib/gcc/avr/5.4.0/avr6/libgcc.a(_exit.o)
 *(.fini0)
                0x0000000000003510                _etext = .

.data           0x0000000000800200      0x1c6 load address 0x0000000000003510
                0x0000000000800200                PROVIDE (__data_start, .)
 *(.data)
 .data          0x0000000000800200        0x0 /usr/lib/gcc/avr/5.4.0/../../../avr/lib/avr6/crtatmega2560.o
 .data          0x0000000000800200        0x0 avr_time.o
 .data          0x0000000000800200        0x0 avr_uart.o
 .data          0x0000000000800200        0x0 dc_step/dc_motor.o
 .data          0x0000000000800200        0x0 dc_step/utils.o
 .data          0x0000000000800200       0x10 dc_step/st_mot.o
                0x0000000000800200                p_k
 .data          0x0000000000800210        0x9 dc_step/adc.o
                0x0000000000800210                adc_channel
                0x0000000000800211                lp_fil_b
                0x0000000000800215                lp_fil_a
 .data          0x0000000000800219        0x0 avr_subscriber.o
 .data          0x0000000000800219        0x0 ros_lib/time.o
 .data          0x0000000000800219        0x0 ros_lib/duration.o
 .data          0x0000000000800219        0x0 /usr/lib/gcc/avr/5.4.0/../../../avr/lib/avr6/libm.a(addsf3.o)
 .data          0x0000000000800219        0x0 /usr/lib/gcc/avr/5.4.0/../../../avr/lib/avr6/libm.a(addsf3x.o)
 .data          0x0000000000800219        0x0 /usr/lib/gcc/avr/5.4.0/../../../avr/lib/avr6/libm.a(cmpsf2.o)
 .data          0x0000000000800219        0x0 /usr/lib/gcc/avr/5.4.0/../../../avr/lib/avr6/libm.a(divsf3.o)
 .data          0x0000000000800219        0x0 /usr/lib/gcc/avr/5.4.0/../../../avr/lib/avr6/libm.a(divsf3x.o)
 .data          0x0000000000800219        0x0 /usr/lib/gcc/avr/5.4.0/../../../avr/lib/avr6/libm.a(fixsfsi.o)
 .data          0x0000000000800219        0x0 /usr/lib/gcc/avr/5.4.0/../../../avr/lib/avr6/libm.a(fixunssfsi.o)
 .data          0x0000000000800219        0x0 /usr/lib/gcc/avr/5.4.0/../../../avr/lib/avr6/libm.a(floatsisf.o)
 .data          0x0000000000800219        0x0 /usr/lib/gcc/avr/5.4.0/../../../avr/lib/avr6/libm.a(fp_cmp.o)
 .data          0x0000000000800219        0x0 /usr/lib/gcc/avr/5.4.0/../../../avr/lib/avr6/libm.a(fp_inf.o)
 .data          0x0000000000800219        0x0 /usr/lib/gcc/avr/5.4.0/../../../avr/lib/avr6/libm.a(fp_nan.o)
 .data          0x0000000000800219        0x0 /usr/lib/gcc/avr/5.4.0/../../../avr/lib/avr6/libm.a(fp_pscA.o)
 .data          0x0000000000800219        0x0 /usr/lib/gcc/avr/5.4.0/../../../avr/lib/avr6/libm.a(fp_pscB.o)
 .data          0x0000000000800219        0x0 /usr/lib/gcc/avr/5.4.0/../../../avr/lib/avr6/libm.a(fp_round.o)
 .data          0x0000000000800219        0x0 /usr/lib/gcc/avr/5.4.0/../../../avr/lib/avr6/libm.a(fp_split3.o)
 .data          0x0000000000800219        0x0 /usr/lib/gcc/avr/5.4.0/../../../avr/lib/avr6/libm.a(fp_zero.o)
 .data          0x0000000000800219        0x0 /usr/lib/gcc/avr/5.4.0/../../../avr/lib/avr6/libm.a(gesf2.o)
 .data          0x0000000000800219        0x0 /usr/lib/gcc/avr/5.4.0/../../../avr/lib/avr6/libm.a(mulsf3.o)
 .data          0x0000000000800219        0x0 /usr/lib/gcc/avr/5.4.0/../../../avr/lib/avr6/libm.a(mulsf3x.o)
 .data          0x0000000000800219        0x0 /usr/lib/gcc/avr/5.4.0/avr6/libgcc.a(_mulsi3.o)
 .data          0x0000000000800219        0x0 /usr/lib/gcc/avr/5.4.0/avr6/libgcc.a(_udivmodhi4.o)
 .data          0x0000000000800219        0x0 /usr/lib/gcc/avr/5.4.0/avr6/libgcc.a(_divmodhi4.o)
 .data          0x0000000000800219        0x0 /usr/lib/gcc/avr/5.4.0/avr6/libgcc.a(_udivmodsi4.o)
 .data          0x0000000000800219        0x0 /usr/lib/gcc/avr/5.4.0/avr6/libgcc.a(_divmodsi4.o)
 .data          0x0000000000800219        0x0 /usr/lib/gcc/avr/5.4.0/avr6/libgcc.a(_negsi2.o)
 .data          0x0000000000800219        0x0 /usr/lib/gcc/avr/5.4.0/avr6/libgcc.a(_exit.o)
 .data          0x0000000000800219        0x0 /usr/lib/gcc/avr/5.4.0/avr6/libgcc.a(_copy_data.o)
 .data          0x0000000000800219        0x0 /usr/lib/gcc/avr/5.4.0/avr6/libgcc.a(_clear_bss.o)
 .data          0x0000000000800219        0x0 /usr/lib/gcc/avr/5.4.0/avr6/libgcc.a(_ctors.o)
 .data          0x0000000000800219        0x0 /usr/lib/gcc/avr/5.4.0/avr6/libgcc.a(_muluhisi3.o)
 .data          0x0000000000800219        0x0 /usr/lib/gcc/avr/5.4.0/avr6/libgcc.a(_tablejump2.o)
 .data          0x0000000000800219        0x0 /usr/lib/gcc/avr/5.4.0/avr6/libgcc.a(_umulhisi3.o)
 .data          0x0000000000800219        0x0 /usr/lib/gcc/avr/5.4.0/../../../avr/lib/avr6/libc.a(realloc.o)
 .data          0x0000000000800219        0x0 /usr/lib/gcc/avr/5.4.0/../../../avr/lib/avr6/libc.a(memcpy.o)
 .data          0x0000000000800219        0x6 /usr/lib/gcc/avr/5.4.0/../../../avr/lib/avr6/libc.a(malloc.o)
                0x0000000000800219                __malloc_heap_end
                0x000000000080021b                __malloc_heap_start
                0x000000000080021d                __malloc_margin
 *(.data*)
 *(.gnu.linkonce.d*)
 *(.rodata)
 .rodata        0x000000000080021f       0x1c avr_subscriber.o
 *(.rodata*)
 .rodata.str1.1
                0x000000000080023b      0x138 avr_subscriber.o
                                        0x139 (size before relaxing)
 .rodata._ZTVN8std_msgs4TimeE
                0x0000000000800373        0xc avr_subscriber.o
                0x0000000000800373                _ZTVN8std_msgs4TimeE
 .rodata._ZTVN14rosserial_msgs9TopicInfoE
                0x000000000080037f        0xc avr_subscriber.o
                0x000000000080037f                _ZTVN14rosserial_msgs9TopicInfoE
 .rodata._ZTVN14rosserial_msgs3LogE
                0x000000000080038b        0xc avr_subscriber.o
                0x000000000080038b                _ZTVN14rosserial_msgs3LogE
 .rodata._ZTVN14rosserial_msgs20RequestParamResponseE
                0x0000000000800397        0xc avr_subscriber.o
                0x0000000000800397                _ZTVN14rosserial_msgs20RequestParamResponseE
 .rodata._ZTVN10kitty_msgs10KittyStateE
                0x00000000008003a3        0xc avr_subscriber.o
                0x00000000008003a3                _ZTVN10kitty_msgs10KittyStateE
 .rodata._ZTVN3ros11NodeHandle_I18Atmega2560HardwareLi25ELi25ELi512ELi512EEE
                0x00000000008003af        0xa avr_subscriber.o
                0x00000000008003af                _ZTVN3ros11NodeHandle_I18Atmega2560HardwareLi25ELi25ELi512ELi512EEE
 .rodata._ZTVN3ros10SubscriberIN10kitty_msgs10KittyStateEvEE
                0x00000000008003b9        0xc avr_subscriber.o
                0x00000000008003b9                _ZTVN3ros10SubscriberIN10kitty_msgs10KittyStateEvEE
 *(.gnu.linkonce.r*)
                0x00000000008003c6                . = ALIGN (0x2)
 *fill*         0x00000000008003c5        0x1 
                0x00000000008003c6                _edata = .
                0x00000000008003c6                PROVIDE (__data_end, .)

.bss            0x00000000008003c6      0x580
                0x00000000008003c6                PROVIDE (__bss_start, .)
 *(.bss)
 .bss           0x00000000008003c6        0x0 /usr/lib/gcc/avr/5.4.0/../../../avr/lib/avr6/crtatmega2560.o
 .bss           0x00000000008003c6        0x8 avr_time.o
 .bss           0x00000000008003ce        0x0 avr_uart.o
 .bss           0x00000000008003ce       0x36 dc_step/dc_motor.o
                0x00000000008003ce                set_speed
                0x00000000008003d2                integral
                0x00000000008003e2                reg_speed
                0x00000000008003f2                enc_result
                0x00000000008003fa                dc_mot_enc_count
                0x0000000000800402                tim2_count
 .bss           0x0000000000800404        0x0 dc_step/utils.o
 .bss           0x0000000000800404       0x34 dc_step/st_mot.o
                0x0000000000800404                info
                0x0000000000800410                set_counter
                0x0000000000800412                real_mot_pos
                0x0000000000800416                set_angle
                0x000000000080041a                current_angle
                0x000000000080041e                angle_setpoint
                0x0000000000800422                pulse_setpoint
                0x000000000080042a                pulse_count
                0x0000000000800432                operate_master_flag
                0x0000000000800433                st_mot_chosen
                0x0000000000800434                operate_flag
 .bss           0x0000000000800438       0x41 dc_step/adc.o
                0x0000000000800438                adc_res
                0x0000000000800440                measure_number
                0x0000000000800441                filtered_pot
                0x0000000000800451                pot_av
                0x0000000000800461                pot_res
 .bss           0x0000000000800479      0x4c9 avr_subscriber.o
                0x0000000000800479                sub
                0x0000000000800495                nh
 .bss           0x0000000000800942        0x0 ros_lib/time.o
 .bss           0x0000000000800942        0x0 ros_lib/duration.o
 .bss           0x0000000000800942        0x0 /usr/lib/gcc/avr/5.4.0/../../../avr/lib/avr6/libm.a(addsf3.o)
 .bss           0x0000000000800942        0x0 /usr/lib/gcc/avr/5.4.0/../../../avr/lib/avr6/libm.a(addsf3x.o)
 .bss           0x0000000000800942        0x0 /usr/lib/gcc/avr/5.4.0/../../../avr/lib/avr6/libm.a(cmpsf2.o)
 .bss           0x0000000000800942        0x0 /usr/lib/gcc/avr/5.4.0/../../../avr/lib/avr6/libm.a(divsf3.o)
 .bss           0x0000000000800942        0x0 /usr/lib/gcc/avr/5.4.0/../../../avr/lib/avr6/libm.a(divsf3x.o)
 .bss           0x0000000000800942        0x0 /usr/lib/gcc/avr/5.4.0/../../../avr/lib/avr6/libm.a(fixsfsi.o)
 .bss           0x0000000000800942        0x0 /usr/lib/gcc/avr/5.4.0/../../../avr/lib/avr6/libm.a(fixunssfsi.o)
 .bss           0x0000000000800942        0x0 /usr/lib/gcc/avr/5.4.0/../../../avr/lib/avr6/libm.a(floatsisf.o)
 .bss           0x0000000000800942        0x0 /usr/lib/gcc/avr/5.4.0/../../../avr/lib/avr6/libm.a(fp_cmp.o)
 .bss           0x0000000000800942        0x0 /usr/lib/gcc/avr/5.4.0/../../../avr/lib/avr6/libm.a(fp_inf.o)
 .bss           0x0000000000800942        0x0 /usr/lib/gcc/avr/5.4.0/../../../avr/lib/avr6/libm.a(fp_nan.o)
 .bss           0x0000000000800942        0x0 /usr/lib/gcc/avr/5.4.0/../../../avr/lib/avr6/libm.a(fp_pscA.o)
 .bss           0x0000000000800942        0x0 /usr/lib/gcc/avr/5.4.0/../../../avr/lib/avr6/libm.a(fp_pscB.o)
 .bss           0x0000000000800942        0x0 /usr/lib/gcc/avr/5.4.0/../../../avr/lib/avr6/libm.a(fp_round.o)
 .bss           0x0000000000800942        0x0 /usr/lib/gcc/avr/5.4.0/../../../avr/lib/avr6/libm.a(fp_split3.o)
 .bss           0x0000000000800942        0x0 /usr/lib/gcc/avr/5.4.0/../../../avr/lib/avr6/libm.a(fp_zero.o)
 .bss           0x0000000000800942        0x0 /usr/lib/gcc/avr/5.4.0/../../../avr/lib/avr6/libm.a(gesf2.o)
 .bss           0x0000000000800942        0x0 /usr/lib/gcc/avr/5.4.0/../../../avr/lib/avr6/libm.a(mulsf3.o)
 .bss           0x0000000000800942        0x0 /usr/lib/gcc/avr/5.4.0/../../../avr/lib/avr6/libm.a(mulsf3x.o)
 .bss           0x0000000000800942        0x0 /usr/lib/gcc/avr/5.4.0/avr6/libgcc.a(_mulsi3.o)
 .bss           0x0000000000800942        0x0 /usr/lib/gcc/avr/5.4.0/avr6/libgcc.a(_udivmodhi4.o)
 .bss           0x0000000000800942        0x0 /usr/lib/gcc/avr/5.4.0/avr6/libgcc.a(_divmodhi4.o)
 .bss           0x0000000000800942        0x0 /usr/lib/gcc/avr/5.4.0/avr6/libgcc.a(_udivmodsi4.o)
 .bss           0x0000000000800942        0x0 /usr/lib/gcc/avr/5.4.0/avr6/libgcc.a(_divmodsi4.o)
 .bss           0x0000000000800942        0x0 /usr/lib/gcc/avr/5.4.0/avr6/libgcc.a(_negsi2.o)
 .bss           0x0000000000800942        0x0 /usr/lib/gcc/avr/5.4.0/avr6/libgcc.a(_exit.o)
 .bss           0x0000000000800942        0x0 /usr/lib/gcc/avr/5.4.0/avr6/libgcc.a(_copy_data.o)
 .bss           0x0000000000800942        0x0 /usr/lib/gcc/avr/5.4.0/avr6/libgcc.a(_clear_bss.o)
 .bss           0x0000000000800942        0x0 /usr/lib/gcc/avr/5.4.0/avr6/libgcc.a(_ctors.o)
 .bss           0x0000000000800942        0x0 /usr/lib/gcc/avr/5.4.0/avr6/libgcc.a(_muluhisi3.o)
 .bss           0x0000000000800942        0x0 /usr/lib/gcc/avr/5.4.0/avr6/libgcc.a(_tablejump2.o)
 .bss           0x0000000000800942        0x0 /usr/lib/gcc/avr/5.4.0/avr6/libgcc.a(_umulhisi3.o)
 .bss           0x0000000000800942        0x0 /usr/lib/gcc/avr/5.4.0/../../../avr/lib/avr6/libc.a(realloc.o)
 .bss           0x0000000000800942        0x0 /usr/lib/gcc/avr/5.4.0/../../../avr/lib/avr6/libc.a(memcpy.o)
 .bss           0x0000000000800942        0x0 /usr/lib/gcc/avr/5.4.0/../../../avr/lib/avr6/libc.a(malloc.o)
 *(.bss*)
 *(COMMON)
 COMMON         0x0000000000800942        0x4 /usr/lib/gcc/avr/5.4.0/../../../avr/lib/avr6/libc.a(malloc.o)
                0x0000000000800942                __brkval
                0x0000000000800944                __flp
                0x0000000000800946                PROVIDE (__bss_end, .)
                0x0000000000003510                __data_load_start = LOADADDR (.data)
                0x00000000000036d6                __data_load_end = (__data_load_start + SIZEOF (.data))

.noinit         0x0000000000800946        0x0
                [!provide]                        PROVIDE (__noinit_start, .)
 *(.noinit*)
                [!provide]                        PROVIDE (__noinit_end, .)
                0x0000000000800946                _end = .
                0x0000000000800946                PROVIDE (__heap_start, .)

.eeprom         0x0000000000810000        0x0
 *(.eeprom*)
                0x0000000000810000                __eeprom_end = .

.fuse
 *(.fuse)
 *(.lfuse)
 *(.hfuse)
 *(.efuse)

.lock
 *(.lock*)

.signature
 *(.signature*)

.user_signatures
 *(.user_signatures*)

.stab
 *(.stab)

.stabstr
 *(.stabstr)

.stab.excl
 *(.stab.excl)

.stab.exclstr
 *(.stab.exclstr)

.stab.index
 *(.stab.index)

.stab.indexstr
 *(.stab.indexstr)

.comment        0x0000000000000000       0x11
 *(.comment)
 .comment       0x0000000000000000       0x11 avr_time.o
                                         0x12 (size before relaxing)
 .comment       0x0000000000000011       0x12 avr_uart.o
 .comment       0x0000000000000011       0x12 dc_step/dc_motor.o
 .comment       0x0000000000000011       0x12 dc_step/utils.o
 .comment       0x0000000000000011       0x12 dc_step/st_mot.o
 .comment       0x0000000000000011       0x12 dc_step/adc.o
 .comment       0x0000000000000011       0x12 avr_subscriber.o
 .comment       0x0000000000000011       0x12 ros_lib/time.o
 .comment       0x0000000000000011       0x12 ros_lib/duration.o
 .comment       0x0000000000000011       0x12 /usr/lib/gcc/avr/5.4.0/../../../avr/lib/avr6/libc.a(realloc.o)
 .comment       0x0000000000000011       0x12 /usr/lib/gcc/avr/5.4.0/../../../avr/lib/avr6/libc.a(malloc.o)

.note.gnu.avr.deviceinfo
                0x0000000000000000       0x40
 .note.gnu.avr.deviceinfo
                0x0000000000000000       0x40 /usr/lib/gcc/avr/5.4.0/../../../avr/lib/avr6/crtatmega2560.o

.note.gnu.build-id
 *(.note.gnu.build-id)

.debug
 *(.debug)

.line
 *(.line)

.debug_srcinfo
 *(.debug_srcinfo)

.debug_sfnames
 *(.debug_sfnames)

.debug_aranges  0x0000000000000000      0x230
 *(.debug_aranges)
 .debug_aranges
                0x0000000000000000       0x20 avr_time.o
 .debug_aranges
                0x0000000000000020       0x20 avr_uart.o
 .debug_aranges
                0x0000000000000040       0x20 dc_step/dc_motor.o
 .debug_aranges
                0x0000000000000060       0x20 dc_step/utils.o
 .debug_aranges
                0x0000000000000080       0x20 dc_step/st_mot.o
 .debug_aranges
                0x00000000000000a0       0x20 dc_step/adc.o
 .debug_aranges
                0x00000000000000c0      0x130 avr_subscriber.o
 .debug_aranges
                0x00000000000001f0       0x20 ros_lib/time.o
 .debug_aranges
                0x0000000000000210       0x20 ros_lib/duration.o

.debug_pubnames
 *(.debug_pubnames)

.debug_info     0x0000000000000000     0x5cc6
 *(.debug_info .gnu.linkonce.wi.*)
 .debug_info    0x0000000000000000      0xbbc /usr/lib/gcc/avr/5.4.0/../../../avr/lib/avr6/crtatmega2560.o
 .debug_info    0x0000000000000bbc       0xfe avr_time.o
 .debug_info    0x0000000000000cba       0xcc avr_uart.o
 .debug_info    0x0000000000000d86      0x39c dc_step/dc_motor.o
 .debug_info    0x0000000000001122      0x1a3 dc_step/utils.o
 .debug_info    0x00000000000012c5      0x3f9 dc_step/st_mot.o
 .debug_info    0x00000000000016be      0x1aa dc_step/adc.o
 .debug_info    0x0000000000001868     0x3b5e avr_subscriber.o
 .debug_info    0x00000000000053c6      0x5a6 ros_lib/time.o
 .debug_info    0x000000000000596c      0x35a ros_lib/duration.o

.debug_abbrev   0x0000000000000000     0x1ce0
 *(.debug_abbrev)
 .debug_abbrev  0x0000000000000000      0xb1a /usr/lib/gcc/avr/5.4.0/../../../avr/lib/avr6/crtatmega2560.o
 .debug_abbrev  0x0000000000000b1a       0xa8 avr_time.o
 .debug_abbrev  0x0000000000000bc2       0x92 avr_uart.o
 .debug_abbrev  0x0000000000000c54      0x1a4 dc_step/dc_motor.o
 .debug_abbrev  0x0000000000000df8       0xc3 dc_step/utils.o
 .debug_abbrev  0x0000000000000ebb      0x1a1 dc_step/st_mot.o
 .debug_abbrev  0x000000000000105c       0xc7 dc_step/adc.o
 .debug_abbrev  0x0000000000001123      0x822 avr_subscriber.o
 .debug_abbrev  0x0000000000001945      0x1ed ros_lib/time.o
 .debug_abbrev  0x0000000000001b32      0x1ae ros_lib/duration.o

.debug_line     0x0000000000000000     0x19c2
 *(.debug_line .debug_line.* .debug_line_end)
 .debug_line    0x0000000000000000       0x1a /usr/lib/gcc/avr/5.4.0/../../../avr/lib/avr6/crtatmega2560.o
 .debug_line    0x000000000000001a       0xb3 avr_time.o
 .debug_line    0x00000000000000cd       0xa7 avr_uart.o
 .debug_line    0x0000000000000174      0x232 dc_step/dc_motor.o
 .debug_line    0x00000000000003a6       0xd4 dc_step/utils.o
 .debug_line    0x000000000000047a      0x1eb dc_step/st_mot.o
 .debug_line    0x0000000000000665      0x134 dc_step/adc.o
 .debug_line    0x0000000000000799      0xfdd avr_subscriber.o
 .debug_line    0x0000000000001776      0x127 ros_lib/time.o
 .debug_line    0x000000000000189d      0x125 ros_lib/duration.o

.debug_frame    0x0000000000000000      0xe10
 *(.debug_frame)
 .debug_frame   0x0000000000000000       0x70 avr_time.o
 .debug_frame   0x0000000000000070       0x44 avr_uart.o
 .debug_frame   0x00000000000000b4      0x278 dc_step/dc_motor.o
 .debug_frame   0x000000000000032c       0x5c dc_step/utils.o
 .debug_frame   0x0000000000000388      0x1c8 dc_step/st_mot.o
 .debug_frame   0x0000000000000550      0x10c dc_step/adc.o
 .debug_frame   0x000000000000065c      0x610 avr_subscriber.o
 .debug_frame   0x0000000000000c6c       0xf0 ros_lib/time.o
 .debug_frame   0x0000000000000d5c       0xb4 ros_lib/duration.o

.debug_str      0x0000000000000000     0x3325
 *(.debug_str)
 .debug_str     0x0000000000000000      0x3e6 /usr/lib/gcc/avr/5.4.0/../../../avr/lib/avr6/crtatmega2560.o
 .debug_str     0x00000000000003e6      0x150 avr_time.o
                                        0x184 (size before relaxing)
 .debug_str     0x0000000000000536       0x4a avr_uart.o
                                        0x182 (size before relaxing)
 .debug_str     0x0000000000000580      0x120 dc_step/dc_motor.o
                                        0x278 (size before relaxing)
 .debug_str     0x00000000000006a0       0x40 dc_step/utils.o
                                        0x179 (size before relaxing)
 .debug_str     0x00000000000006e0      0x12e dc_step/st_mot.o
                                        0x281 (size before relaxing)
 .debug_str     0x000000000000080e       0x73 dc_step/adc.o
                                        0x1c5 (size before relaxing)
 .debug_str     0x0000000000000881     0x2a31 avr_subscriber.o
                                       0x2ccc (size before relaxing)
 .debug_str     0x00000000000032b2       0x58 ros_lib/time.o
                                        0x41d (size before relaxing)
 .debug_str     0x000000000000330a       0x1b ros_lib/duration.o
                                        0x2cf (size before relaxing)

.debug_loc      0x0000000000000000     0x3793
 *(.debug_loc)
 .debug_loc     0x0000000000000000       0x70 avr_time.o
 .debug_loc     0x0000000000000070      0x60f dc_step/dc_motor.o
 .debug_loc     0x000000000000067f      0x16a dc_step/utils.o
 .debug_loc     0x00000000000007e9      0x5b5 dc_step/st_mot.o
 .debug_loc     0x0000000000000d9e      0x1e2 dc_step/adc.o
 .debug_loc     0x0000000000000f80     0x2190 avr_subscriber.o
 .debug_loc     0x0000000000003110      0x3e9 ros_lib/time.o
 .debug_loc     0x00000000000034f9      0x29a ros_lib/duration.o

.debug_macinfo
 *(.debug_macinfo)

.debug_weaknames
 *(.debug_weaknames)

.debug_funcnames
 *(.debug_funcnames)

.debug_typenames
 *(.debug_typenames)

.debug_varnames
 *(.debug_varnames)

.debug_pubtypes
 *(.debug_pubtypes)

.debug_ranges   0x0000000000000000      0x1e0
 *(.debug_ranges)
 .debug_ranges  0x0000000000000000      0x1e0 avr_subscriber.o

.debug_macro
 *(.debug_macro)
OUTPUT(avr_subscriber.elf elf32-avr)
LOAD linker stubs

Cross Reference Table

Symbol                                            File
AdcGetPos                                         dc_step/adc.o
                                                  dc_step/st_mot.o
AdcInit                                           dc_step/adc.o
                                                  avr_subscriber.o
ComputePI                                         dc_step/dc_motor.o
DcMotGo                                           dc_step/dc_motor.o
DcMotInit                                         dc_step/dc_motor.o
                                                  avr_subscriber.o
DcMotPIDGo                                        dc_step/dc_motor.o
Digit                                             dc_step/utils.o
FindMaxValue                                      dc_step/utils.o
FindMiddleValue                                   dc_step/utils.o
FindMinValue                                      dc_step/utils.o
GetInfo                                           dc_step/st_mot.o
GetMotPos                                         dc_step/st_mot.o
GetSpeed                                          dc_step/dc_motor.o
IntDcMotEcoderInit                                dc_step/dc_motor.o
SetAngle                                          dc_step/st_mot.o
                                                  avr_subscriber.o
SetSpeed                                          dc_step/dc_motor.o
                                                  avr_subscriber.o
StMotCorrectPos                                   dc_step/st_mot.o
StMotDir                                          dc_step/st_mot.o
StMotInit                                         dc_step/st_mot.o
                                                  avr_subscriber.o
StMotPul                                          dc_step/st_mot.o
StMotTim1Init                                     dc_step/st_mot.o
Tim2DcMotInit                                     dc_step/dc_motor.o
_Z7InitAllv                                       avr_subscriber.o
_Z9messageCbRKN10kitty_msgs10KittyStateE          avr_subscriber.o
_ZN10kitty_msgs10KittyState11deserializeEPh       avr_subscriber.o
_ZN10kitty_msgs10KittyState6getMD5Ev              avr_subscriber.o
_ZN10kitty_msgs10KittyState7getTypeEv             avr_subscriber.o
_ZN14rosserial_msgs20RequestParamResponse11deserializeEPh avr_subscriber.o
_ZN14rosserial_msgs20RequestParamResponse6getMD5Ev avr_subscriber.o
_ZN14rosserial_msgs20RequestParamResponse7getTypeEv avr_subscriber.o
_ZN14rosserial_msgs3Log11deserializeEPh           avr_subscriber.o
_ZN14rosserial_msgs3Log6getMD5Ev                  avr_subscriber.o
_ZN14rosserial_msgs3Log7getTypeEv                 avr_subscriber.o
_ZN14rosserial_msgs9TopicInfo11deserializeEPh     avr_subscriber.o
_ZN14rosserial_msgs9TopicInfo6getMD5Ev            avr_subscriber.o
_ZN14rosserial_msgs9TopicInfo7getTypeEv           avr_subscriber.o
_ZN3ros10SubscriberIN10kitty_msgs10KittyStateEvE10getMsgTypeEv avr_subscriber.o
_ZN3ros10SubscriberIN10kitty_msgs10KittyStateEvE15getEndpointTypeEv avr_subscriber.o
_ZN3ros10SubscriberIN10kitty_msgs10KittyStateEvE8callbackEPh avr_subscriber.o
_ZN3ros10SubscriberIN10kitty_msgs10KittyStateEvE9getMsgMD5Ev avr_subscriber.o
_ZN3ros11NodeHandle_I18Atmega2560HardwareLi25ELi25ELi512ELi512EE15negotiateTopicsEv avr_subscriber.o
_ZN3ros11NodeHandle_I18Atmega2560HardwareLi25ELi25ELi512ELi512EE15requestSyncTimeEv avr_subscriber.o
_ZN3ros11NodeHandle_I18Atmega2560HardwareLi25ELi25ELi512ELi512EE7publishEiPKNS_3MsgE avr_subscriber.o
_ZN3ros11NodeHandle_I18Atmega2560HardwareLi25ELi25ELi512ELi512EE8spinOnceEv avr_subscriber.o
_ZN3ros11NodeHandle_I18Atmega2560HardwareLi25ELi25ELi512ELi512EE8syncTimeEPh avr_subscriber.o
_ZN3ros11NodeHandle_I18Atmega2560HardwareLi25ELi25ELi512ELi512EE9connectedEv avr_subscriber.o
_ZN3ros16normalizeSecNSecERmS0_                   ros_lib/time.o
                                                  avr_subscriber.o
_ZN3ros22normalizeSecNSecSignedERlS0_             ros_lib/duration.o
                                                  ros_lib/time.o
_ZN3ros3Msg8arrToVarImPhEEvRT_T0_                 avr_subscriber.o
_ZN3ros3Msg8varToArrIPhmEEvT_T0_                  avr_subscriber.o
_ZN3ros4Time8fromNSecEl                           ros_lib/time.o
_ZN3ros4TimemIERKNS_8DurationE                    ros_lib/time.o
_ZN3ros4TimepLERKNS_8DurationE                    ros_lib/time.o
_ZN3ros8DurationmIERKS0_                          ros_lib/duration.o
_ZN3ros8DurationmLEd                              ros_lib/duration.o
_ZN3ros8DurationpLERKS0_                          ros_lib/duration.o
_ZN8std_msgs4Time11deserializeEPh                 avr_subscriber.o
_ZN8std_msgs4Time6getMD5Ev                        avr_subscriber.o
_ZN8std_msgs4Time7getTypeEv                       avr_subscriber.o
_ZNK10kitty_msgs10KittyState9serializeEPh         avr_subscriber.o
_ZNK14rosserial_msgs20RequestParamResponse9serializeEPh avr_subscriber.o
_ZNK14rosserial_msgs3Log9serializeEPh             avr_subscriber.o
_ZNK14rosserial_msgs9TopicInfo9serializeEPh       avr_subscriber.o
_ZNK3ros4TimemiERKS0_                             ros_lib/time.o
_ZNK8std_msgs4Time9serializeEPh                   avr_subscriber.o
_ZTVN10kitty_msgs10KittyStateE                    avr_subscriber.o
_ZTVN14rosserial_msgs20RequestParamResponseE      avr_subscriber.o
_ZTVN14rosserial_msgs3LogE                        avr_subscriber.o
_ZTVN14rosserial_msgs9TopicInfoE                  avr_subscriber.o
_ZTVN3ros10SubscriberIN10kitty_msgs10KittyStateEvEE avr_subscriber.o
_ZTVN3ros11NodeHandle_I18Atmega2560HardwareLi25ELi25ELi512ELi512EEE avr_subscriber.o
_ZTVN8std_msgs4TimeE                              avr_subscriber.o
__FUSE_REGION_LENGTH__                            /usr/lib/gcc/avr/5.4.0/../../../avr/lib/avr6/crtatmega2560.o
__addsf3                                          /usr/lib/gcc/avr/5.4.0/../../../avr/lib/avr6/libm.a(addsf3.o)
                                                  dc_step/adc.o
                                                  dc_step/st_mot.o
                                                  dc_step/dc_motor.o
__addsf3x                                         /usr/lib/gcc/avr/5.4.0/../../../avr/lib/avr6/libm.a(addsf3x.o)
                                                  /usr/lib/gcc/avr/5.4.0/../../../avr/lib/avr6/libm.a(addsf3.o)
__bad_interrupt                                   /usr/lib/gcc/avr/5.4.0/../../../avr/lib/avr6/crtatmega2560.o
__brkval                                          /usr/lib/gcc/avr/5.4.0/../../../avr/lib/avr6/libc.a(malloc.o)
                                                  /usr/lib/gcc/avr/5.4.0/../../../avr/lib/avr6/libc.a(realloc.o)
__bss_end                                         /usr/lib/gcc/avr/5.4.0/avr6/libgcc.a(_clear_bss.o)
__bss_start                                       /usr/lib/gcc/avr/5.4.0/avr6/libgcc.a(_clear_bss.o)
__cmpsf2                                          /usr/lib/gcc/avr/5.4.0/../../../avr/lib/avr6/libm.a(cmpsf2.o)
__ctors_end                                       /usr/lib/gcc/avr/5.4.0/avr6/libgcc.a(_ctors.o)
__ctors_start                                     /usr/lib/gcc/avr/5.4.0/avr6/libgcc.a(_ctors.o)
__cxa_pure_virtual                                avr_subscriber.o
__data_end                                        /usr/lib/gcc/avr/5.4.0/avr6/libgcc.a(_copy_data.o)
__data_load_start                                 /usr/lib/gcc/avr/5.4.0/avr6/libgcc.a(_copy_data.o)
__data_start                                      /usr/lib/gcc/avr/5.4.0/avr6/libgcc.a(_copy_data.o)
__divmodhi4                                       /usr/lib/gcc/avr/5.4.0/avr6/libgcc.a(_divmodhi4.o)
                                                  avr_subscriber.o
__divmodsi4                                       /usr/lib/gcc/avr/5.4.0/avr6/libgcc.a(_divmodsi4.o)
                                                  ros_lib/time.o
__divsf3                                          /usr/lib/gcc/avr/5.4.0/../../../avr/lib/avr6/libm.a(divsf3.o)
                                                  dc_step/st_mot.o
                                                  dc_step/dc_motor.o
__divsf3_pse                                      /usr/lib/gcc/avr/5.4.0/../../../avr/lib/avr6/libm.a(divsf3x.o)
__divsf3x                                         /usr/lib/gcc/avr/5.4.0/../../../avr/lib/avr6/libm.a(divsf3x.o)
                                                  /usr/lib/gcc/avr/5.4.0/../../../avr/lib/avr6/libm.a(divsf3.o)
__do_clear_bss                                    /usr/lib/gcc/avr/5.4.0/avr6/libgcc.a(_clear_bss.o)
                                                  /usr/lib/gcc/avr/5.4.0/../../../avr/lib/avr6/libc.a(malloc.o)
                                                  avr_subscriber.o
                                                  dc_step/adc.o
                                                  dc_step/st_mot.o
                                                  dc_step/dc_motor.o
                                                  avr_time.o
__do_copy_data                                    /usr/lib/gcc/avr/5.4.0/avr6/libgcc.a(_copy_data.o)
                                                  /usr/lib/gcc/avr/5.4.0/../../../avr/lib/avr6/libc.a(malloc.o)
                                                  avr_subscriber.o
                                                  dc_step/adc.o
                                                  dc_step/st_mot.o
__do_global_ctors                                 /usr/lib/gcc/avr/5.4.0/avr6/libgcc.a(_ctors.o)
                                                  avr_subscriber.o
__eqsf2                                           /usr/lib/gcc/avr/5.4.0/../../../avr/lib/avr6/libm.a(cmpsf2.o)
__fixsfsi                                         /usr/lib/gcc/avr/5.4.0/../../../avr/lib/avr6/libm.a(fixsfsi.o)
                                                  ros_lib/duration.o
                                                  dc_step/st_mot.o
                                                  dc_step/dc_motor.o
__fixunssfsi                                      /usr/lib/gcc/avr/5.4.0/../../../avr/lib/avr6/libm.a(fixunssfsi.o)
                                                  /usr/lib/gcc/avr/5.4.0/../../../avr/lib/avr6/libm.a(fixsfsi.o)
                                                  dc_step/adc.o
                                                  dc_step/st_mot.o
                                                  dc_step/dc_motor.o
__floatsisf                                       /usr/lib/gcc/avr/5.4.0/../../../avr/lib/avr6/libm.a(floatsisf.o)
                                                  ros_lib/duration.o
                                                  dc_step/st_mot.o
                                                  dc_step/dc_motor.o
__floatunsisf                                     /usr/lib/gcc/avr/5.4.0/../../../avr/lib/avr6/libm.a(floatsisf.o)
                                                  dc_step/adc.o
                                                  dc_step/st_mot.o
                                                  dc_step/dc_motor.o
__flp                                             /usr/lib/gcc/avr/5.4.0/../../../avr/lib/avr6/libc.a(malloc.o)
                                                  /usr/lib/gcc/avr/5.4.0/../../../avr/lib/avr6/libc.a(realloc.o)
__fp_cmp                                          /usr/lib/gcc/avr/5.4.0/../../../avr/lib/avr6/libm.a(fp_cmp.o)
                                                  /usr/lib/gcc/avr/5.4.0/../../../avr/lib/avr6/libm.a(gesf2.o)
                                                  /usr/lib/gcc/avr/5.4.0/../../../avr/lib/avr6/libm.a(cmpsf2.o)
__fp_inf                                          /usr/lib/gcc/avr/5.4.0/../../../avr/lib/avr6/libm.a(fp_inf.o)
                                                  /usr/lib/gcc/avr/5.4.0/../../../avr/lib/avr6/libm.a(mulsf3x.o)
                                                  /usr/lib/gcc/avr/5.4.0/../../../avr/lib/avr6/libm.a(divsf3x.o)
                                                  /usr/lib/gcc/avr/5.4.0/../../../avr/lib/avr6/libm.a(addsf3x.o)
__fp_nan                                          /usr/lib/gcc/avr/5.4.0/../../../avr/lib/avr6/libm.a(fp_nan.o)
                                                  /usr/lib/gcc/avr/5.4.0/../../../avr/lib/avr6/libm.a(mulsf3x.o)
                                                  /usr/lib/gcc/avr/5.4.0/../../../avr/lib/avr6/libm.a(divsf3x.o)
                                                  /usr/lib/gcc/avr/5.4.0/../../../avr/lib/avr6/libm.a(addsf3x.o)
__fp_pscA                                         /usr/lib/gcc/avr/5.4.0/../../../avr/lib/avr6/libm.a(fp_pscA.o)
                                                  /usr/lib/gcc/avr/5.4.0/../../../avr/lib/avr6/libm.a(mulsf3x.o)
                                                  /usr/lib/gcc/avr/5.4.0/../../../avr/lib/avr6/libm.a(divsf3x.o)
                                                  /usr/lib/gcc/avr/5.4.0/../../../avr/lib/avr6/libm.a(addsf3x.o)
__fp_pscB                                         /usr/lib/gcc/avr/5.4.0/../../../avr/lib/avr6/libm.a(fp_pscB.o)
                                                  /usr/lib/gcc/avr/5.4.0/../../../avr/lib/avr6/libm.a(mulsf3x.o)
                                                  /usr/lib/gcc/avr/5.4.0/../../../avr/lib/avr6/libm.a(divsf3x.o)
                                                  /usr/lib/gcc/avr/5.4.0/../../../avr/lib/avr6/libm.a(addsf3x.o)
__fp_round                                        /usr/lib/gcc/avr/5.4.0/../../../avr/lib/avr6/libm.a(fp_round.o)
                                                  /usr/lib/gcc/avr/5.4.0/../../../avr/lib/avr6/libm.a(mulsf3.o)
                                                  /usr/lib/gcc/avr/5.4.0/../../../avr/lib/avr6/libm.a(divsf3.o)
                                                  /usr/lib/gcc/avr/5.4.0/../../../avr/lib/avr6/libm.a(addsf3.o)
__fp_split3                                       /usr/lib/gcc/avr/5.4.0/../../../avr/lib/avr6/libm.a(fp_split3.o)
                                                  /usr/lib/gcc/avr/5.4.0/../../../avr/lib/avr6/libm.a(mulsf3x.o)
                                                  /usr/lib/gcc/avr/5.4.0/../../../avr/lib/avr6/libm.a(divsf3x.o)
                                                  /usr/lib/gcc/avr/5.4.0/../../../avr/lib/avr6/libm.a(addsf3x.o)
__fp_splitA                                       /usr/lib/gcc/avr/5.4.0/../../../avr/lib/avr6/libm.a(fp_split3.o)
                                                  /usr/lib/gcc/avr/5.4.0/../../../avr/lib/avr6/libm.a(fixunssfsi.o)
__fp_szero                                        /usr/lib/gcc/avr/5.4.0/../../../avr/lib/avr6/libm.a(fp_zero.o)
                                                  /usr/lib/gcc/avr/5.4.0/../../../avr/lib/avr6/libm.a(mulsf3x.o)
                                                  /usr/lib/gcc/avr/5.4.0/../../../avr/lib/avr6/libm.a(fixsfsi.o)
                                                  /usr/lib/gcc/avr/5.4.0/../../../avr/lib/avr6/libm.a(divsf3x.o)
__fp_zero                                         /usr/lib/gcc/avr/5.4.0/../../../avr/lib/avr6/libm.a(fp_zero.o)
                                                  /usr/lib/gcc/avr/5.4.0/../../../avr/lib/avr6/libm.a(fixunssfsi.o)
                                                  /usr/lib/gcc/avr/5.4.0/../../../avr/lib/avr6/libm.a(addsf3x.o)
__gesf2                                           /usr/lib/gcc/avr/5.4.0/../../../avr/lib/avr6/libm.a(gesf2.o)
                                                  dc_step/st_mot.o
                                                  dc_step/dc_motor.o
__gtsf2                                           /usr/lib/gcc/avr/5.4.0/../../../avr/lib/avr6/libm.a(gesf2.o)
                                                  dc_step/st_mot.o
                                                  dc_step/dc_motor.o
__heap_end                                        /usr/lib/gcc/avr/5.4.0/../../../avr/lib/avr6/crtatmega2560.o
                                                  /usr/lib/gcc/avr/5.4.0/../../../avr/lib/avr6/libc.a(malloc.o)
__heap_start                                      /usr/lib/gcc/avr/5.4.0/../../../avr/lib/avr6/libc.a(malloc.o)
__init                                            /usr/lib/gcc/avr/5.4.0/../../../avr/lib/avr6/crtatmega2560.o
__lesf2                                           /usr/lib/gcc/avr/5.4.0/../../../avr/lib/avr6/libm.a(cmpsf2.o)
                                                  dc_step/st_mot.o
__ltsf2                                           /usr/lib/gcc/avr/5.4.0/../../../avr/lib/avr6/libm.a(cmpsf2.o)
                                                  dc_step/st_mot.o
                                                  dc_step/dc_motor.o
__malloc_heap_end                                 /usr/lib/gcc/avr/5.4.0/../../../avr/lib/avr6/libc.a(malloc.o)
                                                  /usr/lib/gcc/avr/5.4.0/../../../avr/lib/avr6/libc.a(realloc.o)
__malloc_heap_start                               /usr/lib/gcc/avr/5.4.0/../../../avr/lib/avr6/libc.a(malloc.o)
__malloc_margin                                   /usr/lib/gcc/avr/5.4.0/../../../avr/lib/avr6/libc.a(malloc.o)
                                                  /usr/lib/gcc/avr/5.4.0/../../../avr/lib/avr6/libc.a(realloc.o)
__mulsf3                                          /usr/lib/gcc/avr/5.4.0/../../../avr/lib/avr6/libm.a(mulsf3.o)
                                                  ros_lib/duration.o
                                                  dc_step/adc.o
                                                  dc_step/st_mot.o
                                                  dc_step/dc_motor.o
__mulsf3_pse                                      /usr/lib/gcc/avr/5.4.0/../../../avr/lib/avr6/libm.a(mulsf3x.o)
__mulsf3x                                         /usr/lib/gcc/avr/5.4.0/../../../avr/lib/avr6/libm.a(mulsf3x.o)
                                                  /usr/lib/gcc/avr/5.4.0/../../../avr/lib/avr6/libm.a(mulsf3.o)
__mulsi3                                          /usr/lib/gcc/avr/5.4.0/avr6/libgcc.a(_mulsi3.o)
                                                  avr_subscriber.o
__muluhisi3                                       /usr/lib/gcc/avr/5.4.0/avr6/libgcc.a(_muluhisi3.o)
                                                  /usr/lib/gcc/avr/5.4.0/avr6/libgcc.a(_mulsi3.o)
__negsi2                                          /usr/lib/gcc/avr/5.4.0/avr6/libgcc.a(_negsi2.o)
                                                  /usr/lib/gcc/avr/5.4.0/avr6/libgcc.a(_divmodsi4.o)
__nesf2                                           /usr/lib/gcc/avr/5.4.0/../../../avr/lib/avr6/libm.a(cmpsf2.o)
                                                  dc_step/st_mot.o
__stack                                           /usr/lib/gcc/avr/5.4.0/../../../avr/lib/avr6/crtatmega2560.o
__subsf3                                          /usr/lib/gcc/avr/5.4.0/../../../avr/lib/avr6/libm.a(addsf3.o)
                                                  dc_step/st_mot.o
                                                  dc_step/dc_motor.o
__tablejump2__                                    /usr/lib/gcc/avr/5.4.0/avr6/libgcc.a(_tablejump2.o)
                                                  /usr/lib/gcc/avr/5.4.0/avr6/libgcc.a(_ctors.o)
__udivmodhi4                                      /usr/lib/gcc/avr/5.4.0/avr6/libgcc.a(_udivmodhi4.o)
                                                  /usr/lib/gcc/avr/5.4.0/avr6/libgcc.a(_divmodhi4.o)
                                                  dc_step/adc.o
                                                  dc_step/utils.o
__udivmodsi4                                      /usr/lib/gcc/avr/5.4.0/avr6/libgcc.a(_udivmodsi4.o)
                                                  /usr/lib/gcc/avr/5.4.0/avr6/libgcc.a(_divmodsi4.o)
                                                  ros_lib/time.o
                                                  avr_subscriber.o
__umulhisi3                                       /usr/lib/gcc/avr/5.4.0/avr6/libgcc.a(_umulhisi3.o)
                                                  /usr/lib/gcc/avr/5.4.0/avr6/libgcc.a(_muluhisi3.o)
__vector_1                                        dc_step/dc_motor.o
                                                  /usr/lib/gcc/avr/5.4.0/../../../avr/lib/avr6/crtatmega2560.o
__vector_10                                       /usr/lib/gcc/avr/5.4.0/../../../avr/lib/avr6/crtatmega2560.o
__vector_11                                       /usr/lib/gcc/avr/5.4.0/../../../avr/lib/avr6/crtatmega2560.o
__vector_12                                       /usr/lib/gcc/avr/5.4.0/../../../avr/lib/avr6/crtatmega2560.o
__vector_13                                       /usr/lib/gcc/avr/5.4.0/../../../avr/lib/avr6/crtatmega2560.o
__vector_14                                       /usr/lib/gcc/avr/5.4.0/../../../avr/lib/avr6/crtatmega2560.o
__vector_15                                       dc_step/dc_motor.o
                                                  /usr/lib/gcc/avr/5.4.0/../../../avr/lib/avr6/crtatmega2560.o
__vector_16                                       /usr/lib/gcc/avr/5.4.0/../../../avr/lib/avr6/crtatmega2560.o
__vector_17                                       /usr/lib/gcc/avr/5.4.0/../../../avr/lib/avr6/crtatmega2560.o
__vector_18                                       /usr/lib/gcc/avr/5.4.0/../../../avr/lib/avr6/crtatmega2560.o
__vector_19                                       /usr/lib/gcc/avr/5.4.0/../../../avr/lib/avr6/crtatmega2560.o
__vector_2                                        dc_step/dc_motor.o
                                                  /usr/lib/gcc/avr/5.4.0/../../../avr/lib/avr6/crtatmega2560.o
__vector_20                                       dc_step/st_mot.o
                                                  /usr/lib/gcc/avr/5.4.0/../../../avr/lib/avr6/crtatmega2560.o
__vector_21                                       /usr/lib/gcc/avr/5.4.0/../../../avr/lib/avr6/crtatmega2560.o
__vector_22                                       /usr/lib/gcc/avr/5.4.0/../../../avr/lib/avr6/crtatmega2560.o
__vector_23                                       avr_time.o
                                                  /usr/lib/gcc/avr/5.4.0/../../../avr/lib/avr6/crtatmega2560.o
__vector_24                                       /usr/lib/gcc/avr/5.4.0/../../../avr/lib/avr6/crtatmega2560.o
__vector_25                                       /usr/lib/gcc/avr/5.4.0/../../../avr/lib/avr6/crtatmega2560.o
__vector_26                                       /usr/lib/gcc/avr/5.4.0/../../../avr/lib/avr6/crtatmega2560.o
__vector_27                                       /usr/lib/gcc/avr/5.4.0/../../../avr/lib/avr6/crtatmega2560.o
__vector_28                                       /usr/lib/gcc/avr/5.4.0/../../../avr/lib/avr6/crtatmega2560.o
__vector_29                                       dc_step/adc.o
                                                  /usr/lib/gcc/avr/5.4.0/../../../avr/lib/avr6/crtatmega2560.o
__vector_3                                        dc_step/dc_motor.o
                                                  /usr/lib/gcc/avr/5.4.0/../../../avr/lib/avr6/crtatmega2560.o
__vector_30                                       /usr/lib/gcc/avr/5.4.0/../../../avr/lib/avr6/crtatmega2560.o
__vector_31                                       /usr/lib/gcc/avr/5.4.0/../../../avr/lib/avr6/crtatmega2560.o
__vector_32                                       /usr/lib/gcc/avr/5.4.0/../../../avr/lib/avr6/crtatmega2560.o
__vector_33                                       /usr/lib/gcc/avr/5.4.0/../../../avr/lib/avr6/crtatmega2560.o
__vector_34                                       /usr/lib/gcc/avr/5.4.0/../../../avr/lib/avr6/crtatmega2560.o
__vector_35                                       /usr/lib/gcc/avr/5.4.0/../../../avr/lib/avr6/crtatmega2560.o
__vector_36                                       /usr/lib/gcc/avr/5.4.0/../../../avr/lib/avr6/crtatmega2560.o
__vector_37                                       /usr/lib/gcc/avr/5.4.0/../../../avr/lib/avr6/crtatmega2560.o
__vector_38                                       /usr/lib/gcc/avr/5.4.0/../../../avr/lib/avr6/crtatmega2560.o
__vector_39                                       /usr/lib/gcc/avr/5.4.0/../../../avr/lib/avr6/crtatmega2560.o
__vector_4                                        dc_step/dc_motor.o
                                                  /usr/lib/gcc/avr/5.4.0/../../../avr/lib/avr6/crtatmega2560.o
__vector_40                                       /usr/lib/gcc/avr/5.4.0/../../../avr/lib/avr6/crtatmega2560.o
__vector_41                                       /usr/lib/gcc/avr/5.4.0/../../../avr/lib/avr6/crtatmega2560.o
__vector_42                                       /usr/lib/gcc/avr/5.4.0/../../../avr/lib/avr6/crtatmega2560.o
__vector_43                                       /usr/lib/gcc/avr/5.4.0/../../../avr/lib/avr6/crtatmega2560.o
__vector_44                                       /usr/lib/gcc/avr/5.4.0/../../../avr/lib/avr6/crtatmega2560.o
__vector_45                                       /usr/lib/gcc/avr/5.4.0/../../../avr/lib/avr6/crtatmega2560.o
__vector_46                                       /usr/lib/gcc/avr/5.4.0/../../../avr/lib/avr6/crtatmega2560.o
__vector_47                                       /usr/lib/gcc/avr/5.4.0/../../../avr/lib/avr6/crtatmega2560.o
__vector_48                                       /usr/lib/gcc/avr/5.4.0/../../../avr/lib/avr6/crtatmega2560.o
__vector_49                                       /usr/lib/gcc/avr/5.4.0/../../../avr/lib/avr6/crtatmega2560.o
__vector_5                                        /usr/lib/gcc/avr/5.4.0/../../../avr/lib/avr6/crtatmega2560.o
__vector_50                                       /usr/lib/gcc/avr/5.4.0/../../../avr/lib/avr6/crtatmega2560.o
__vector_51                                       /usr/lib/gcc/avr/5.4.0/../../../avr/lib/avr6/crtatmega2560.o
__vector_52                                       /usr/lib/gcc/avr/5.4.0/../../../avr/lib/avr6/crtatmega2560.o
__vector_53                                       /usr/lib/gcc/avr/5.4.0/../../../avr/lib/avr6/crtatmega2560.o
__vector_54                                       /usr/lib/gcc/avr/5.4.0/../../../avr/lib/avr6/crtatmega2560.o
__vector_55                                       /usr/lib/gcc/avr/5.4.0/../../../avr/lib/avr6/crtatmega2560.o
__vector_56                                       /usr/lib/gcc/avr/5.4.0/../../../avr/lib/avr6/crtatmega2560.o
__vector_6                                        /usr/lib/gcc/avr/5.4.0/../../../avr/lib/avr6/crtatmega2560.o
__vector_7                                        /usr/lib/gcc/avr/5.4.0/../../../avr/lib/avr6/crtatmega2560.o
__vector_8                                        /usr/lib/gcc/avr/5.4.0/../../../avr/lib/avr6/crtatmega2560.o
__vector_9                                        /usr/lib/gcc/avr/5.4.0/../../../avr/lib/avr6/crtatmega2560.o
__vector_default                                  /usr/lib/gcc/avr/5.4.0/../../../avr/lib/avr6/crtatmega2560.o
__vectors                                         /usr/lib/gcc/avr/5.4.0/../../../avr/lib/avr6/crtatmega2560.o
_div                                              /usr/lib/gcc/avr/5.4.0/avr6/libgcc.a(_divmodhi4.o)
_exit                                             /usr/lib/gcc/avr/5.4.0/avr6/libgcc.a(_exit.o)
adc_channel                                       dc_step/adc.o
adc_res                                           dc_step/adc.o
angle_setpoint                                    dc_step/st_mot.o
avr_time_init                                     avr_time.o
                                                  avr_subscriber.o
avr_time_now                                      avr_time.o
                                                  avr_subscriber.o
avr_uart_init                                     avr_uart.o
                                                  avr_subscriber.o
avr_uart_receive_byte                             avr_uart.o
                                                  avr_subscriber.o
avr_uart_send_byte                                avr_uart.o
                                                  avr_subscriber.o
current_angle                                     dc_step/st_mot.o
dc_mot_enc_count                                  dc_step/dc_motor.o
enc_result                                        dc_step/dc_motor.o
exit                                              /usr/lib/gcc/avr/5.4.0/avr6/libgcc.a(_exit.o)
                                                  /usr/lib/gcc/avr/5.4.0/../../../avr/lib/avr6/crtatmega2560.o
filtered_pot                                      dc_step/adc.o
free                                              /usr/lib/gcc/avr/5.4.0/../../../avr/lib/avr6/libc.a(malloc.o)
                                                  /usr/lib/gcc/avr/5.4.0/../../../avr/lib/avr6/libc.a(realloc.o)
info                                              dc_step/st_mot.o
integral                                          dc_step/dc_motor.o
lp_fil_a                                          dc_step/adc.o
lp_fil_b                                          dc_step/adc.o
main                                              avr_subscriber.o
                                                  /usr/lib/gcc/avr/5.4.0/../../../avr/lib/avr6/crtatmega2560.o
malloc                                            /usr/lib/gcc/avr/5.4.0/../../../avr/lib/avr6/libc.a(malloc.o)
                                                  /usr/lib/gcc/avr/5.4.0/../../../avr/lib/avr6/libc.a(realloc.o)
measure_number                                    dc_step/adc.o
memcpy                                            /usr/lib/gcc/avr/5.4.0/../../../avr/lib/avr6/libc.a(memcpy.o)
                                                  /usr/lib/gcc/avr/5.4.0/../../../avr/lib/avr6/libc.a(realloc.o)
                                                  avr_subscriber.o
nh                                                avr_subscriber.o
operate_flag                                      dc_step/st_mot.o
operate_master_flag                               dc_step/st_mot.o
p_k                                               dc_step/st_mot.o
pot_av                                            dc_step/adc.o
pot_res                                           dc_step/adc.o
pulse_count                                       dc_step/st_mot.o
pulse_setpoint                                    dc_step/st_mot.o
real_mot_pos                                      dc_step/st_mot.o
realloc                                           /usr/lib/gcc/avr/5.4.0/../../../avr/lib/avr6/libc.a(realloc.o)
                                                  avr_subscriber.o
reg_speed                                         dc_step/dc_motor.o
set_angle                                         dc_step/st_mot.o
set_counter                                       dc_step/st_mot.o
set_speed                                         dc_step/dc_motor.o
st_mot_chosen                                     dc_step/st_mot.o
sub                                               avr_subscriber.o
tim2_count                                        dc_step/dc_motor.o
